Archive member included to satisfy reference by file (symbol)

app/libapp.a(main.c.obj)      (--whole-archive)
app/libapp.a(detools.c.obj)   (--whole-archive)
app/libapp.a(heatshrink_decoder.c.obj)
                              (--whole-archive)
app/libapp.a(delta.c.obj)     (--whole-archive)
zephyr/libzephyr.a(cbprintf_packaged.c.obj)
                              (--whole-archive)
zephyr/libzephyr.a(crc32c_sw.c.obj)
                              (--whole-archive)
zephyr/libzephyr.a(crc32_sw.c.obj)
                              (--whole-archive)
zephyr/libzephyr.a(crc16_sw.c.obj)
                              (--whole-archive)
zephyr/libzephyr.a(crc8_sw.c.obj)
                              (--whole-archive)
zephyr/libzephyr.a(crc7_sw.c.obj)
                              (--whole-archive)
zephyr/libzephyr.a(dec.c.obj)
                              (--whole-archive)
zephyr/libzephyr.a(fdtable.c.obj)
                              (--whole-archive)
zephyr/libzephyr.a(hex.c.obj)
                              (--whole-archive)
zephyr/libzephyr.a(notify.c.obj)
                              (--whole-archive)
zephyr/libzephyr.a(printk.c.obj)
                              (--whole-archive)
zephyr/libzephyr.a(onoff.c.obj)
                              (--whole-archive)
zephyr/libzephyr.a(rb.c.obj)  (--whole-archive)
zephyr/libzephyr.a(sem.c.obj)
                              (--whole-archive)
zephyr/libzephyr.a(thread_entry.c.obj)
                              (--whole-archive)
zephyr/libzephyr.a(timeutil.c.obj)
                              (--whole-archive)
zephyr/libzephyr.a(heap.c.obj)
                              (--whole-archive)
zephyr/libzephyr.a(heap-validate.c.obj)
                              (--whole-archive)
zephyr/libzephyr.a(bitarray.c.obj)
                              (--whole-archive)
zephyr/libzephyr.a(multi_heap.c.obj)
                              (--whole-archive)
zephyr/libzephyr.a(cbprintf_complete.c.obj)
                              (--whole-archive)
zephyr/libzephyr.a(cbprintf.c.obj)
                              (--whole-archive)
zephyr/libzephyr.a(assert.c.obj)
                              (--whole-archive)
zephyr/libzephyr.a(reboot.c.obj)
                              (--whole-archive)
zephyr/libzephyr.a(configs.c.obj)
                              (--whole-archive)
zephyr/libzephyr.a(soc_nrf_common.S.obj)
                              (--whole-archive)
zephyr/libzephyr.a(validate_base_addresses.c.obj)
                              (--whole-archive)
zephyr/libzephyr.a(validate_enabled_instances.c.obj)
                              (--whole-archive)
zephyr/libzephyr.a(thread_info.c.obj)
                              (--whole-archive)
zephyr/libzephyr.a(flash_img.c.obj)
                              (--whole-archive)
zephyr/libzephyr.a(flash_map.c.obj)
                              (--whole-archive)
zephyr/libzephyr.a(flash_map_layout.c.obj)
                              (--whole-archive)
zephyr/libzephyr.a(stream_flash.c.obj)
                              (--whole-archive)
zephyr/libzephyr.a(pm.c.obj)  (--whole-archive)
zephyr/libzephyr.a(policy.c.obj)
                              (--whole-archive)
zephyr/libzephyr.a(state.c.obj)
                              (--whole-archive)
zephyr/libzephyr.a(tracing_none.c.obj)
                              (--whole-archive)
zephyr/libzephyr.a(flash_map_partition_manager.c.obj)
                              (--whole-archive)
zephyr/libzephyr.a(nrf_cc3xx_platform_abort_zephyr.c.obj)
                              (--whole-archive)
zephyr/libzephyr.a(nrf_cc3xx_platform_mutex_zephyr.c.obj)
                              (--whole-archive)
zephyr/arch/common/libarch__common.a(sw_isr_common.c.obj)
                              (--whole-archive)
zephyr/arch/arch/arm/core/aarch32/libarch__arm__core__aarch32.a(cpu_idle.S.obj)
                              (--whole-archive)
zephyr/arch/arch/arm/core/aarch32/libarch__arm__core__aarch32.a(fatal.c.obj)
                              (--whole-archive)
zephyr/arch/arch/arm/core/aarch32/libarch__arm__core__aarch32.a(irq_manage.c.obj)
                              (--whole-archive)
zephyr/arch/arch/arm/core/aarch32/libarch__arm__core__aarch32.a(nmi.c.obj)
                              (--whole-archive)
zephyr/arch/arch/arm/core/aarch32/libarch__arm__core__aarch32.a(nmi_on_reset.S.obj)
                              (--whole-archive)
zephyr/arch/arch/arm/core/aarch32/libarch__arm__core__aarch32.a(prep_c.c.obj)
                              (--whole-archive)
zephyr/arch/arch/arm/core/aarch32/libarch__arm__core__aarch32.a(swap.c.obj)
                              (--whole-archive)
zephyr/arch/arch/arm/core/aarch32/libarch__arm__core__aarch32.a(swap_helper.S.obj)
                              (--whole-archive)
zephyr/arch/arch/arm/core/aarch32/libarch__arm__core__aarch32.a(thread.c.obj)
                              (--whole-archive)
zephyr/arch/arch/arm/core/aarch32/libarch__arm__core__aarch32.a(isr_wrapper.S.obj)
[...]
Memory Configuration

Name             Origin             Length             Attributes
FLASH            0x0000000000010200 0x000000000009fe00 xr
SRAM             0x0000000020000000 0x0000000000040000 xw
IDT_LIST         0x00000000fffff7ff 0x0000000000000800 xw
*default*        0x0000000000000000 0xffffffffffffffff

Linker script and memory map

LOAD zephyr/CMakeFiles/zephyr_pre1.dir/misc/empty_file.c.obj
LOAD zephyr/CMakeFiles/zephyr_pre1.dir/dev_handles.c.obj
                0x0000000000000020                _region_min_align = 0x20

.rel.plt        0x0000000000010200        0x0
 *(SORT_BY_ALIGNMENT(.rel.plt))
                [!provide]                        PROVIDE (__rel_iplt_start = .)
 *(SORT_BY_ALIGNMENT(.rel.iplt))
 .rel.iplt      0x0000000000010200        0x0 app/libapp.a(main.c.obj)
                [!provide]                        PROVIDE (__rel_iplt_end = .)

.rela.plt       0x0000000000000000        0x0
 *(SORT_BY_ALIGNMENT(.rela.plt))
                [!provide]                        PROVIDE (__rela_iplt_start = .)
 *(SORT_BY_ALIGNMENT(.rela.iplt))
                [!provide]                        PROVIDE (__rela_iplt_end = .)

.rel.dyn
 *(SORT_BY_ALIGNMENT(.rel.*))

.rela.dyn
 *(SORT_BY_ALIGNMENT(.rela.*))

/DISCARD/
 *(SORT_BY_ALIGNMENT(.plt))
 *(SORT_BY_ALIGNMENT(.iplt))
 *(SORT_BY_ALIGNMENT(.got.plt))
 *(SORT_BY_ALIGNMENT(.igot.plt))
 *(SORT_BY_ALIGNMENT(.got))
 *(SORT_BY_ALIGNMENT(.igot))
 *(SORT_BY_ALIGNMENT(.note.GNU-stack))
                0x0000000000010200                __rom_region_start = 0x10200

rom_start       0x0000000000010200      0x100
                0x0000000000000000                . = 0x0
                0x0000000000000000                . = ALIGN (0x4)
                0x0000000000000000                . = ALIGN (0x80)
                0x0000000000000000                . = ALIGN (0x100)
                0x0000000000010200                _vector_start = .
 *(SORT_BY_ALIGNMENT(.exc_vector_table))
 *(SORT_BY_ALIGNMENT(.exc_vector_table.*))
 .exc_vector_table._vector_table_section
                0x0000000000010200       0x40 zephyr/arch/arch/arm/core/aarch32/cortex_m/libarch__arm__core__aarch32__cortex_m.a(vector_table.S.obj)
                0x0000000000010200                _vector_table
 *(SORT_BY_ALIGNMENT(.vectors))
                0x0000000000010300                _vector_end = .
                0x0000000000010240                . = ALIGN (0x4)
 *(SORT_BY_ALIGNMENT(.gnu.linkonce.irq_vector_table*))
 .gnu.linkonce.irq_vector_table
                0x0000000000010240       0xc0 zephyr/arch/common/libisr_tables.a(isr_tables.c.obj)
                0x0000000000010240                _irq_vector_table
                0x0000000000010300                _vector_end = .

text            0x0000000000010300     0x9242
                0x0000000000010300                __text_region_start = .
 *(SORT_BY_ALIGNMENT(.text))
 .text          0x0000000000010300       0x30 c:/ncs_sdk/toolchains/v2.1.0/opt/zephyr-sdk/arm-zephyr-eabi/bin/../lib/gcc/arm-zephyr-eabi/10.3.0/thumb/v7e-m/nofp\libgcc.a(_aeabi_uldivmod.o)
                0x0000000000010300                __aeabi_uldivmod
 .text          0x0000000000010330        0x4 c:/ncs_sdk/toolchains/v2.1.0/opt/zephyr-sdk/arm-zephyr-eabi/bin/../lib/gcc/arm-zephyr-eabi/10.3.0/thumb/v7e-m/nofp\libgcc.a(_dvmd_tls.o)
                0x0000000000010330                __aeabi_idiv0
                0x0000000000010330                __aeabi_ldiv0
 .text          0x0000000000010334      0x2a6 c:/ncs_sdk/toolchains/v2.1.0/opt/zephyr-sdk/arm-zephyr-eabi/bin/../lib/gcc/arm-zephyr-eabi/10.3.0/thumb/v7e-m/nofp\libgcc.a(_udivmoddi4.o)
                0x0000000000010334                __udivmoddi4
 *(SORT_BY_ALIGNMENT(.text.*))
 *fill*         0x00000000000105da        0x2 
 .text.button_pressed
                0x00000000000105dc       0x28 app/libapp.a(main.c.obj)
                0x00000000000105dc                button_pressed
 .text.main     0x0000000000010604      0x194 app/libapp.a(main.c.obj)
                0x0000000000010604                main
 .text.patch_reader_heatshrink_init
                0x0000000000010798       0x28 app/libapp.a(detools.c.obj)
 .text.callbacks_process
                0x00000000000107c0       0x84 app/libapp.a(detools.c.obj)
 .text.heatshrink_decoder_poll
                0x0000000000010844       0xc0 app/libapp.a(heatshrink_decoder.c.obj)
                0x0000000000010844                heatshrink_decoder_poll
 .text.delta_init_flash_mem
                0x0000000000010904       0x54 app/libapp.a(delta.c.obj)
 .text.delta_read_patch_header
                0x0000000000010958       0x8c app/libapp.a(delta.c.obj)
                0x0000000000010958                delta_read_patch_header
 .text.delta_check_and_apply
                0x00000000000109e4       0x70 app/libapp.a(delta.c.obj)
                0x00000000000109e4                delta_check_and_apply
 .text.char_out
                0x0000000000010a54       0x10 zephyr/libzephyr.a(printk.c.obj)
 .text.__printk_hook_install
                0x0000000000010a64        0xc zephyr/libzephyr.a(printk.c.obj)
                0x0000000000010a64                __printk_hook_install
 .text.vprintk  0x0000000000010a70       0x1c zephyr/libzephyr.a(printk.c.obj)
                0x0000000000010a70                vprintk
 .text.process_event
                0x0000000000010a8c      0x158 zephyr/libzephyr.a(onoff.c.obj)
 .text.extract_conversion
                0x0000000000010be4      0x314 zephyr/libzephyr.a(cbprintf_complete.c.obj)
 .text.z_cbvprintf_impl
                0x0000000000010ef8      0x5d0 zephyr/libzephyr.a(cbprintf_complete.c.obj)
                0x0000000000010ef8                z_cbvprintf_impl
 .text.sys_reboot
                0x00000000000114c8       0x28 zephyr/libzephyr.a(reboot.c.obj)
                0x00000000000114c8                sys_reboot
 .text.z_arm_platform_init
                0x00000000000114f0        0x4 zephyr/libzephyr.a(soc_nrf_common.S.obj)
                0x00000000000114f0                z_arm_platform_init
 .text.flash_area_open
                0x00000000000114f4       0x58 zephyr/libzephyr.a(flash_map.c.obj)
                0x00000000000114f4                flash_area_open
 .text.pm_system_resume
                0x000000000001154c       0xc0 zephyr/libzephyr.a(pm.c.obj)
                0x000000000001154c                pm_system_resume
 .text.pm_system_suspend
                0x000000000001160c      0x15c zephyr/libzephyr.a(pm.c.obj)
                0x000000000001160c                pm_system_suspend
 .text.pm_policy_next_state
                0x0000000000011768       0x98 zephyr/libzephyr.a(policy.c.obj)
                0x0000000000011768                pm_policy_next_state
 .text.pm_state_cpu_get_all
                0x0000000000011800       0x10 zephyr/libzephyr.a(state.c.obj)
                0x0000000000011800                pm_state_cpu_get_all
 .text.nrf_cc3xx_platform_abort_init
                0x0000000000011810       0x10 zephyr/libzephyr.a(nrf_cc3xx_platform_abort_zephyr.c.obj)
                0x0000000000011810                nrf_cc3xx_platform_abort_init
 .text.mutex_unlock_platform
                0x0000000000011820       0x50 zephyr/libzephyr.a(nrf_cc3xx_platform_mutex_zephyr.c.obj)
 .text.mutex_lock_platform
                0x0000000000011870       0x5c zephyr/libzephyr.a(nrf_cc3xx_platform_mutex_zephyr.c.obj)
 .text.mutex_free_platform
                0x00000000000118cc       0x4c zephyr/libzephyr.a(nrf_cc3xx_platform_mutex_zephyr.c.obj)
 .text.mutex_init_platform
                0x0000000000011918       0x74 zephyr/libzephyr.a(nrf_cc3xx_platform_mutex_zephyr.c.obj)
 .text.nrf_cc3xx_platform_mutex_init
                0x000000000001198c       0x28 zephyr/libzephyr.a(nrf_cc3xx_platform_mutex_zephyr.c.obj)
                0x000000000001198c                nrf_cc3xx_platform_mutex_init
 .text.z_arm_cpu_idle_init
                0x00000000000119b4        0xc zephyr/arch/arch/arm/core/aarch32/libarch__arm__core__aarch32.a(cpu_idle.S.obj)
                0x00000000000119b4                z_arm_cpu_idle_init
 .text.arch_cpu_idle
                0x00000000000119c0       0x1c zephyr/arch/arch/arm/core/aarch32/libarch__arm__core__aarch32.a(cpu_idle.S.obj)
                0x00000000000119c0                arch_cpu_idle
 .text.arch_cpu_atomic_idle
                0x00000000000119dc       0x14 zephyr/arch/arch/arm/core/aarch32/libarch__arm__core__aarch32.a(cpu_idle.S.obj)
                0x00000000000119dc                arch_cpu_atomic_idle
 .text.arch_irq_enable
                0x00000000000119f0       0x1c zephyr/arch/arch/arm/core/aarch32/libarch__arm__core__aarch32.a(irq_manage.c.obj)
                0x00000000000119f0                arch_irq_enable
 .text.arch_irq_disable
                0x0000000000011a0c       0x28 zephyr/arch/arch/arm/core/aarch32/libarch__arm__core__aarch32.a(irq_manage.c.obj)
                0x0000000000011a0c                arch_irq_disable
 .text.arch_irq_is_enabled
                0x0000000000011a34       0x1c zephyr/arch/arch/arm/core/aarch32/libarch__arm__core__aarch32.a(irq_manage.c.obj)
                0x0000000000011a34                arch_irq_is_enabled
 .text.z_arm_irq_priority_set
                0x0000000000011a50       0x2c zephyr/arch/arch/arm/core/aarch32/libarch__arm__core__aarch32.a(irq_manage.c.obj)
                0x0000000000011a50                z_arm_irq_priority_set
 .text.z_SysNmiOnReset
                0x0000000000011a7c        0x8 zephyr/arch/arch/arm/core/aarch32/libarch__arm__core__aarch32.a(nmi_on_reset.S.obj)
                0x0000000000011a7c                z_SysNmiOnReset
 .text.z_arm_prep_c
                0x0000000000011a84       0x38 zephyr/arch/arch/arm/core/aarch32/libarch__arm__core__aarch32.a(prep_c.c.obj)
                0x0000000000011a84                z_arm_prep_c
 .text.arch_swap
                0x0000000000011abc       0x38 zephyr/arch/arch/arm/core/aarch32/libarch__arm__core__aarch32.a(swap.c.obj)
                0x0000000000011abc                arch_swap
 .text.z_arm_pendsv
                0x0000000000011af4       0x58 zephyr/arch/arch/arm/core/aarch32/libarch__arm__core__aarch32.a(swap_helper.S.obj)
                0x0000000000011af4                z_arm_pendsv
 .text.z_arm_svc
                0x0000000000011b4c       0x20 zephyr/arch/arch/arm/core/aarch32/libarch__arm__core__aarch32.a(swap_helper.S.obj)
                0x0000000000011b4c                z_arm_svc
 .text.arch_new_thread
                0x0000000000011b6c       0x44 zephyr/arch/arch/arm/core/aarch32/libarch__arm__core__aarch32.a(thread.c.obj)
                0x0000000000011b6c                arch_new_thread
 .text.z_check_thread_stack_fail
                0x0000000000011bb0       0x50 zephyr/arch/arch/arm/core/aarch32/libarch__arm__core__aarch32.a(thread.c.obj)
                0x0000000000011bb0                z_check_thread_stack_fail
 .text.arch_switch_to_main_thread
                0x0000000000011c00       0x2c zephyr/arch/arch/arm/core/aarch32/libarch__arm__core__aarch32.a(thread.c.obj)
                0x0000000000011c00                arch_switch_to_main_thread
 .text._isr_wrapper
                0x0000000000011c2c       0x40 zephyr/arch/arch/arm/core/aarch32/libarch__arm__core__aarch32.a(isr_wrapper.S.obj)
                0x0000000000011c2c                _isr_wrapper
 .text._HandlerModeExit
                0x0000000000011c6c       0x1c zephyr/arch/arch/arm/core/aarch32/cortex_m/libarch__arm__core__aarch32__cortex_m.a(exc_exit.S.obj)
                0x0000000000011c6c                z_arm_int_exit
                0x0000000000011c6c                z_arm_exc_exit
 .text.bus_fault
                0x0000000000011c88       0x54 zephyr/arch/arch/arm/core/aarch32/cortex_m/libarch__arm__core__aarch32__cortex_m.a(fault.c.obj)
 .text.usage_fault
                0x0000000000011cdc       0x24 zephyr/arch/arch/arm/core/aarch32/cortex_m/libarch__arm__core__aarch32__cortex_m.a(fault.c.obj)
 .text.mem_manage_fault
                0x0000000000011d00       0xa0 zephyr/arch/arch/arm/core/aarch32/cortex_m/libarch__arm__core__aarch32__cortex_m.a(fault.c.obj)
 .text.hard_fault
                0x0000000000011da0       0x80 zephyr/arch/arch/arm/core/aarch32/cortex_m/libarch__arm__core__aarch32__cortex_m.a(fault.c.obj)
 .text.z_arm_fault
                0x0000000000011e20       0x94 zephyr/arch/arch/arm/core/aarch32/cortex_m/libarch__arm__core__aarch32__cortex_m.a(fault.c.obj)
                0x0000000000011e20                z_arm_fault
 .text.z_arm_fault_init
                0x0000000000011eb4       0x10 zephyr/arch/arch/arm/core/aarch32/cortex_m/libarch__arm__core__aarch32__cortex_m.a(fault.c.obj)
                0x0000000000011eb4                z_arm_fault_init
 .text.__fault  0x0000000000011ec4       0x14 zephyr/arch/arch/arm/core/aarch32/cortex_m/libarch__arm__core__aarch32__cortex_m.a(fault_s.S.obj)
                0x0000000000011ec4                z_arm_usage_fault
                0x0000000000011ec4                z_arm_mpu_fault
                0x0000000000011ec4                z_arm_exc_spurious
                0x0000000000011ec4                z_arm_debug_monitor
                0x0000000000011ec4                z_arm_hard_fault
                0x0000000000011ec4                z_arm_bus_fault
 .text.z_arm_interrupt_init
                0x0000000000011ed8       0x34 zephyr/arch/arch/arm/core/aarch32/cortex_m/libarch__arm__core__aarch32__cortex_m.a(irq_init.c.obj)
                0x0000000000011ed8                z_arm_interrupt_init
 .text._reset_section
                0x0000000000011f0c       0x60 zephyr/arch/arch/arm/core/aarch32/cortex_m/libarch__arm__core__aarch32__cortex_m.a(reset.S.obj)
                0x0000000000011f0c                __start
                0x0000000000011f0c                z_arm_reset
 .text.z_arm_clear_arm_mpu_config
                0x0000000000011f6c       0x28 zephyr/arch/arch/arm/core/aarch32/cortex_m/libarch__arm__core__aarch32__cortex_m.a(scb.c.obj)
                0x0000000000011f6c                z_arm_clear_arm_mpu_config
 .text.z_arm_init_arch_hw_at_boot
                0x0000000000011f94       0x54 zephyr/arch/arch/arm/core/aarch32/cortex_m/libarch__arm__core__aarch32__cortex_m.a(scb.c.obj)
                0x0000000000011f94                z_arm_init_arch_hw_at_boot
 .text.z_impl_k_thread_abort
                0x0000000000011fe8       0x34 zephyr/arch/arch/arm/core/aarch32/cortex_m/libarch__arm__core__aarch32__cortex_m.a(thread_abort.c.obj)
                0x0000000000011fe8                z_impl_k_thread_abort
 .text.z_arm_configure_static_mpu_regions
                0x000000000001201c       0x1c zephyr/arch/arch/arm/core/aarch32/mpu/libarch__arm__core__aarch32__mpu.a(arm_core_mpu.c.obj)
                0x000000000001201c                z_arm_configure_static_mpu_regions
 .text.z_arm_configure_dynamic_mpu_regions
                0x0000000000012038       0x24 zephyr/arch/arch/arm/core/aarch32/mpu/libarch__arm__core__aarch32__mpu.a(arm_core_mpu.c.obj)
                0x0000000000012038                z_arm_configure_dynamic_mpu_regions
 .text.region_init
                0x000000000001205c       0x28 zephyr/arch/arch/arm/core/aarch32/mpu/libarch__arm__core__aarch32__mpu.a(arm_mpu.c.obj)
 .text.mpu_configure_static_mpu_regions
                0x0000000000012084       0x14 zephyr/arch/arch/arm/core/aarch32/mpu/libarch__arm__core__aarch32__mpu.a(arm_mpu.c.obj)
 .text.mpu_configure_dynamic_mpu_regions
                0x0000000000012098       0x34 zephyr/arch/arch/arm/core/aarch32/mpu/libarch__arm__core__aarch32__mpu.a(arm_mpu.c.obj)
 .text.arm_core_mpu_enable
                0x00000000000120cc       0x18 zephyr/arch/arch/arm/core/aarch32/mpu/libarch__arm__core__aarch32__mpu.a(arm_mpu.c.obj)
                0x00000000000120cc                arm_core_mpu_enable
 .text.arm_core_mpu_disable
                0x00000000000120e4       0x14 zephyr/arch/arch/arm/core/aarch32/mpu/libarch__arm__core__aarch32__mpu.a(arm_mpu.c.obj)
                0x00000000000120e4                arm_core_mpu_disable
 .text.z_arm_mpu_init
                0x00000000000120f8       0x44 zephyr/arch/arch/arm/core/aarch32/mpu/libarch__arm__core__aarch32__mpu.a(arm_mpu.c.obj)
                0x00000000000120f8                z_arm_mpu_init
 .text.__stdout_hook_install
                0x000000000001213c        0xc zephyr/lib/libc/minimal/liblib__libc__minimal.a(stdout_console.c.obj)
                0x000000000001213c                __stdout_hook_install
 .text.z_impl_zephyr_fputc
                0x0000000000012148       0x1c zephyr/lib/libc/minimal/liblib__libc__minimal.a(stdout_console.c.obj)
                0x0000000000012148                z_impl_zephyr_fputc
 .text.printf   0x0000000000012164       0x28 zephyr/lib/libc/minimal/liblib__libc__minimal.a(fprintf.c.obj)
                0x0000000000012164                printf
 .text.nordicsemi_nrf52_init
                0x000000000001218c       0x4c zephyr/soc/arm/nordic_nrf/nrf52/libsoc__arm__nordic_nrf__nrf52.a(soc.c.obj)
 .text.sys_arch_reboot
                0x00000000000121d8       0x2c zephyr/soc/arm/nordic_nrf/nrf52/libsoc__arm__nordic_nrf__nrf52.a(soc.c.obj)
                0x00000000000121d8                sys_arch_reboot
 .text.arch_busy_wait
                0x0000000000012204       0x18 zephyr/soc/arm/nordic_nrf/nrf52/libsoc__arm__nordic_nrf__nrf52.a(soc.c.obj)
                0x0000000000012204                arch_busy_wait
 .text.get_hf_flags
                0x000000000001221c        0x8 zephyr/drivers/clock_control/libdrivers__clock_control.a(clock_control_nrf.c.obj)
 .text.get_subsys
                0x0000000000012224       0x18 zephyr/drivers/clock_control/libdrivers__clock_control.a(clock_control_nrf.c.obj)
 .text.onoff_stop
                0x000000000001223c       0x20 zephyr/drivers/clock_control/libdrivers__clock_control.a(clock_control_nrf.c.obj)
 .text.onoff_start
                0x000000000001225c       0x34 zephyr/drivers/clock_control/libdrivers__clock_control.a(clock_control_nrf.c.obj)
 .text.clock_event_handler
                0x0000000000012290       0x34 zephyr/drivers/clock_control/libdrivers__clock_control.a(clock_control_nrf.c.obj)
 .text.generic_hfclk_start
                0x00000000000122c4       0x68 zephyr/drivers/clock_control/libdrivers__clock_control.a(clock_control_nrf.c.obj)
 .text.generic_hfclk_stop
                0x000000000001232c       0x30 zephyr/drivers/clock_control/libdrivers__clock_control.a(clock_control_nrf.c.obj)
 .text.api_blocking_start
                0x000000000001235c       0x38 zephyr/drivers/clock_control/libdrivers__clock_control.a(clock_control_nrf.c.obj)
 .text.clk_init
                0x0000000000012394       0x60 zephyr/drivers/clock_control/libdrivers__clock_control.a(clock_control_nrf.c.obj)
 .text.lfclk_spinwait
                0x00000000000123f4       0xe4 zephyr/drivers/clock_control/libdrivers__clock_control.a(clock_control_nrf.c.obj)
 .text.z_nrf_clock_control_lf_on
                0x00000000000124d8       0x54 zephyr/drivers/clock_control/libdrivers__clock_control.a(clock_control_nrf.c.obj)
                0x00000000000124d8                z_nrf_clock_control_lf_on
 .text.console_out
                0x000000000001252c       0x2c zephyr/drivers/console/libdrivers__console.a(uart_console.c.obj)
 .text.uart_console_hook_install
                0x0000000000012558       0x18 zephyr/drivers/console/libdrivers__console.a(uart_console.c.obj)
 .text.uart_console_init
                0x0000000000012570       0x24 zephyr/drivers/console/libdrivers__console.a(uart_console.c.obj)
 .text.get_dev  0x0000000000012594       0x1c zephyr/drivers/gpio/libdrivers__gpio.a(gpio_nrfx.c.obj)
 .text.gpio_nrfx_pin_interrupt_configure
                0x00000000000125b0       0xc8 zephyr/drivers/gpio/libdrivers__gpio.a(gpio_nrfx.c.obj)
 .text.gpio_nrfx_pin_configure
                0x0000000000012678      0x114 zephyr/drivers/gpio/libdrivers__gpio.a(gpio_nrfx.c.obj)
 .text.gpio_nrfx_init
                0x000000000001278c       0x3c zephyr/drivers/gpio/libdrivers__gpio.a(gpio_nrfx.c.obj)
 .text.qspi_nor_pages_layout
                0x00000000000127c8       0x10 zephyr/drivers/flash/libdrivers__flash.a(nrf_qspi_nor.c.obj)
 .text.qspi_flash_get_parameters
                0x00000000000127d8        0x8 zephyr/drivers/flash/libdrivers__flash.a(nrf_qspi_nor.c.obj)
 .text.qspi_device_init
                0x00000000000127e0       0x80 zephyr/drivers/flash/libdrivers__flash.a(nrf_qspi_nor.c.obj)
 .text.qspi_device_uninit
                0x0000000000012860       0x58 zephyr/drivers/flash/libdrivers__flash.a(nrf_qspi_nor.c.obj)
 .text.qspi_nrfx_configure
                0x00000000000128b8       0x94 zephyr/drivers/flash/libdrivers__flash.a(nrf_qspi_nor.c.obj)
 .text.qspi_erase
                0x000000000001294c      0x150 zephyr/drivers/flash/libdrivers__flash.a(nrf_qspi_nor.c.obj)
 .text.read_non_aligned
                0x0000000000012a9c      0x15c zephyr/drivers/flash/libdrivers__flash.a(nrf_qspi_nor.c.obj)
 .text.qspi_nor_read
                0x0000000000012bf8       0xc4 zephyr/drivers/flash/libdrivers__flash.a(nrf_qspi_nor.c.obj)
 .text.qspi_nor_write
                0x0000000000012cbc      0x204 zephyr/drivers/flash/libdrivers__flash.a(nrf_qspi_nor.c.obj)
 .text.nvmc_wait_ready
                0x0000000000012ec0       0x14 zephyr/drivers/flash/libdrivers__flash.a(soc_flash_nrf.c.obj)
 .text.flash_nrf_pages_layout
                0x0000000000012ed4       0x10 zephyr/drivers/flash/libdrivers__flash.a(soc_flash_nrf.c.obj)
 .text.flash_nrf_get_parameters
                0x0000000000012ee4        0x8 zephyr/drivers/flash/libdrivers__flash.a(soc_flash_nrf.c.obj)
 .text.suspend_pofwarn
                0x0000000000012eec       0x68 zephyr/drivers/flash/libdrivers__flash.a(soc_flash_nrf.c.obj)
 .text.restore_pofwarn
                0x0000000000012f54       0x30 zephyr/drivers/flash/libdrivers__flash.a(soc_flash_nrf.c.obj)
 .text.flash_nrf_erase
                0x0000000000012f84       0x84 zephyr/drivers/flash/libdrivers__flash.a(soc_flash_nrf.c.obj)
 .text.nrf_flash_init
                0x0000000000013008       0x28 zephyr/drivers/flash/libdrivers__flash.a(soc_flash_nrf.c.obj)
 .text.flash_nrf_write
                0x0000000000013030       0x60 zephyr/drivers/flash/libdrivers__flash.a(soc_flash_nrf.c.obj)
 .text.baudrate_set
                0x0000000000013090      0x150 zephyr/drivers/serial/libdrivers__serial.a(uart_nrfx_uarte.c.obj)
 .text.uarte_nrfx_poll_out
                0x00000000000131e0       0x74 zephyr/drivers/serial/libdrivers__serial.a(uart_nrfx_uarte.c.obj)
 .text.endtx_stoptx_ppi_init
                0x0000000000013254       0x48 zephyr/drivers/serial/libdrivers__serial.a(uart_nrfx_uarte.c.obj)
 .text.set_comparator
                0x000000000001329c       0x14 zephyr/drivers/timer/libdrivers__timer.a(nrf_rtc_timer.c.obj)
 .text.get_comparator
                0x00000000000132b0       0x10 zephyr/drivers/timer/libdrivers__timer.a(nrf_rtc_timer.c.obj)
 .text.event_enable
                0x00000000000132c0       0x14 zephyr/drivers/timer/libdrivers__timer.a(nrf_rtc_timer.c.obj)
 .text.event_disable
                0x00000000000132d4       0x14 zephyr/drivers/timer/libdrivers__timer.a(nrf_rtc_timer.c.obj)
 .text.counter  0x00000000000132e8        0xc zephyr/drivers/timer/libdrivers__timer.a(nrf_rtc_timer.c.obj)
 .text.compare_int_lock
                0x00000000000132f4       0x50 zephyr/drivers/timer/libdrivers__timer.a(nrf_rtc_timer.c.obj)
 .text.channel_processing_check_and_clear
                0x0000000000013344       0x78 zephyr/drivers/timer/libdrivers__timer.a(nrf_rtc_timer.c.obj)
 .text.compare_int_unlock
                0x00000000000133bc       0x60 zephyr/drivers/timer/libdrivers__timer.a(nrf_rtc_timer.c.obj)
 .text.sys_clock_timeout_handler
                0x000000000001341c       0x78 zephyr/drivers/timer/libdrivers__timer.a(nrf_rtc_timer.c.obj)
 .text.z_nrf_rtc_timer_read
                0x0000000000013494       0x40 zephyr/drivers/timer/libdrivers__timer.a(nrf_rtc_timer.c.obj)
                0x0000000000013494                z_nrf_rtc_timer_read
 .text.compare_set_nolocks
                0x00000000000134d4       0xa0 zephyr/drivers/timer/libdrivers__timer.a(nrf_rtc_timer.c.obj)
 .text.sys_clock_driver_init
                0x0000000000013574       0x94 zephyr/drivers/timer/libdrivers__timer.a(nrf_rtc_timer.c.obj)
 .text.process_channel
                0x0000000000013608       0x74 zephyr/drivers/timer/libdrivers__timer.a(nrf_rtc_timer.c.obj)
 .text.rtc_nrf_isr
                0x000000000001367c       0x44 zephyr/drivers/timer/libdrivers__timer.a(nrf_rtc_timer.c.obj)
                0x000000000001367c                rtc_nrf_isr
 .text.sys_clock_set_timeout
                0x00000000000136c0       0x64 zephyr/drivers/timer/libdrivers__timer.a(nrf_rtc_timer.c.obj)
                0x00000000000136c0                sys_clock_set_timeout
 .text.sys_clock_elapsed
                0x0000000000013724       0x14 zephyr/drivers/timer/libdrivers__timer.a(nrf_rtc_timer.c.obj)
                0x0000000000013724                sys_clock_elapsed
 .text.nrf_pin_configure
                0x0000000000013738       0x40 zephyr/drivers/pinctrl/libdrivers__pinctrl.a(pinctrl_nrf.c.obj)
 .text.pinctrl_configure_pins
                0x0000000000013778      0x3d8 zephyr/drivers/pinctrl/libdrivers__pinctrl.a(pinctrl_nrf.c.obj)
                0x0000000000013778                pinctrl_configure_pins
 .text.boot_magic_decode
                0x0000000000013b50       0x18 modules/mcuboot/boot/bootutil/zephyr/libmcuboot_util.a(bootutil_public.c.obj)
 .text.boot_write_magic
                0x0000000000013b68       0x40 modules/mcuboot/boot/bootutil/zephyr/libmcuboot_util.a(bootutil_public.c.obj)
                0x0000000000013b68                boot_write_magic
 .text.nvmc_wait
                0x0000000000013ba8       0x10 modules/hal_nordic/nrfx/libmodules__hal_nordic__nrfx.a(system_nrf52840.c.obj)
                0x0000000000013ba8                nvmc_wait
 .text.nvmc_config
                0x0000000000013bb8       0x14 modules/hal_nordic/nrfx/libmodules__hal_nordic__nrfx.a(system_nrf52840.c.obj)
                0x0000000000013bb8                nvmc_config
 .text.SystemCoreClockUpdate
                0x0000000000013bcc       0x10 modules/hal_nordic/nrfx/libmodules__hal_nordic__nrfx.a(system_nrf52840.c.obj)
                0x0000000000013bcc                SystemCoreClockUpdate
 .text.SystemInit
                0x0000000000013bdc      0x1ac modules/hal_nordic/nrfx/libmodules__hal_nordic__nrfx.a(system_nrf52840.c.obj)
                0x0000000000013bdc                SystemInit
 .text.nrfx_flag32_alloc
                0x0000000000013d88       0x50 modules/hal_nordic/nrfx/libmodules__hal_nordic__nrfx.a(nrfx_flag32_allocator.c.obj)
                0x0000000000013d88                nrfx_flag32_alloc
 .text.nrfx_flag32_free
                0x0000000000013dd8       0x44 modules/hal_nordic/nrfx/libmodules__hal_nordic__nrfx.a(nrfx_flag32_allocator.c.obj)
                0x0000000000013dd8                nrfx_flag32_free
 .text.clock_stop
                0x0000000000013e1c       0xd4 modules/hal_nordic/nrfx/libmodules__hal_nordic__nrfx.a(nrfx_clock.c.obj)
 .text.nrfx_clock_init
                0x0000000000013ef0       0x28 modules/hal_nordic/nrfx/libmodules__hal_nordic__nrfx.a(nrfx_clock.c.obj)
                0x0000000000013ef0                nrfx_clock_init
 .text.nrfx_power_clock_irq_handler
                0x0000000000013f18       0x7c modules/hal_nordic/nrfx/libmodules__hal_nordic__nrfx.a(nrfx_clock.c.obj)
                0x0000000000013f18                nrfx_power_clock_irq_handler
 .text.pin_in_use
                0x0000000000013f94       0x14 modules/hal_nordic/nrfx/libmodules__hal_nordic__nrfx.a(nrfx_gpiote.c.obj)
 .text.pin_in_use_by_te
                0x0000000000013fa8       0x14 modules/hal_nordic/nrfx/libmodules__hal_nordic__nrfx.a(nrfx_gpiote.c.obj)
 .text.pin_has_trigger
                0x0000000000013fbc       0x18 modules/hal_nordic/nrfx/libmodules__hal_nordic__nrfx.a(nrfx_gpiote.c.obj)
 .text.pin_is_output
                0x0000000000013fd4       0x14 modules/hal_nordic/nrfx/libmodules__hal_nordic__nrfx.a(nrfx_gpiote.c.obj)
 .text.pin_te_get
                0x0000000000013fe8       0x10 modules/hal_nordic/nrfx/libmodules__hal_nordic__nrfx.a(nrfx_gpiote.c.obj)
 .text.handler_in_use
                0x0000000000013ff8       0x34 modules/hal_nordic/nrfx/libmodules__hal_nordic__nrfx.a(nrfx_gpiote.c.obj)
 .text.find_handler
                0x000000000001402c       0x2c modules/hal_nordic/nrfx/libmodules__hal_nordic__nrfx.a(nrfx_gpiote.c.obj)
 .text.channel_handler_get
                0x0000000000014058       0x20 modules/hal_nordic/nrfx/libmodules__hal_nordic__nrfx.a(nrfx_gpiote.c.obj)
 .text.call_handler
                0x0000000000014078       0x2c modules/hal_nordic/nrfx/libmodules__hal_nordic__nrfx.a(nrfx_gpiote.c.obj)
 .text.release_handler
                0x00000000000140a4       0x44 modules/hal_nordic/nrfx/libmodules__hal_nordic__nrfx.a(nrfx_gpiote.c.obj)
 .text.pin_handler_trigger_uninit
                0x00000000000140e8       0x38 modules/hal_nordic/nrfx/libmodules__hal_nordic__nrfx.a(nrfx_gpiote.c.obj)
 .text.pin_handler_set
                0x0000000000014120       0x6c modules/hal_nordic/nrfx/libmodules__hal_nordic__nrfx.a(nrfx_gpiote.c.obj)
 .text.gpiote_evt_handle
                0x000000000001418c       0x44 modules/hal_nordic/nrfx/libmodules__hal_nordic__nrfx.a(nrfx_gpiote.c.obj)
 .text.latch_pending_read_and_check
                0x00000000000141d0       0x50 modules/hal_nordic/nrfx/libmodules__hal_nordic__nrfx.a(nrfx_gpiote.c.obj)
 .text.next_sense_cond_call_handler
                0x0000000000014220       0xdc modules/hal_nordic/nrfx/libmodules__hal_nordic__nrfx.a(nrfx_gpiote.c.obj)
 .text.port_event_handle
                0x00000000000142fc       0xd4 modules/hal_nordic/nrfx/libmodules__hal_nordic__nrfx.a(nrfx_gpiote.c.obj)
 .text.nrfx_gpiote_input_configure
                0x00000000000143d0      0x170 modules/hal_nordic/nrfx/libmodules__hal_nordic__nrfx.a(nrfx_gpiote.c.obj)
                0x00000000000143d0                nrfx_gpiote_input_configure
 .text.nrfx_gpiote_output_configure
                0x0000000000014540      0x188 modules/hal_nordic/nrfx/libmodules__hal_nordic__nrfx.a(nrfx_gpiote.c.obj)
                0x0000000000014540                nrfx_gpiote_output_configure
 .text.nrfx_gpiote_global_callback_set
                0x00000000000146c8        0xc modules/hal_nordic/nrfx/libmodules__hal_nordic__nrfx.a(nrfx_gpiote.c.obj)
                0x00000000000146c8                nrfx_gpiote_global_callback_set
 .text.nrfx_gpiote_channel_get
                0x00000000000146d4       0x30 modules/hal_nordic/nrfx/libmodules__hal_nordic__nrfx.a(nrfx_gpiote.c.obj)
                0x00000000000146d4                nrfx_gpiote_channel_get
 .text.nrfx_gpiote_init
                0x0000000000014704       0x54 modules/hal_nordic/nrfx/libmodules__hal_nordic__nrfx.a(nrfx_gpiote.c.obj)
                0x0000000000014704                nrfx_gpiote_init
 .text.nrfx_gpiote_is_init
                0x0000000000014758       0x14 modules/hal_nordic/nrfx/libmodules__hal_nordic__nrfx.a(nrfx_gpiote.c.obj)
                0x0000000000014758                nrfx_gpiote_is_init
 .text.nrfx_gpiote_channel_free
                0x000000000001476c       0x10 modules/hal_nordic/nrfx/libmodules__hal_nordic__nrfx.a(nrfx_gpiote.c.obj)
                0x000000000001476c                nrfx_gpiote_channel_free
 .text.nrfx_gpiote_channel_alloc
                0x000000000001477c       0x10 modules/hal_nordic/nrfx/libmodules__hal_nordic__nrfx.a(nrfx_gpiote.c.obj)
                0x000000000001477c                nrfx_gpiote_channel_alloc
 .text.nrfx_gpiote_trigger_enable
                0x000000000001478c       0xc8 modules/hal_nordic/nrfx/libmodules__hal_nordic__nrfx.a(nrfx_gpiote.c.obj)
                0x000000000001478c                nrfx_gpiote_trigger_enable
 .text.nrfx_gpiote_trigger_disable
                0x0000000000014854       0x60 modules/hal_nordic/nrfx/libmodules__hal_nordic__nrfx.a(nrfx_gpiote.c.obj)
                0x0000000000014854                nrfx_gpiote_trigger_disable
 .text.nrfx_gpiote_pin_uninit
                0x00000000000148b4       0x48 modules/hal_nordic/nrfx/libmodules__hal_nordic__nrfx.a(nrfx_gpiote.c.obj)
                0x00000000000148b4                nrfx_gpiote_pin_uninit
 .text.nrfx_gpiote_irq_handler
                0x00000000000148fc       0x60 modules/hal_nordic/nrfx/libmodules__hal_nordic__nrfx.a(nrfx_gpiote.c.obj)
                0x00000000000148fc                nrfx_gpiote_irq_handler
 .text.nvmc_readonly_mode_set
                0x000000000001495c       0x10 modules/hal_nordic/nrfx/libmodules__hal_nordic__nrfx.a(nrfx_nvmc.c.obj)
 .text.nvmc_write_mode_set
                0x000000000001496c       0x10 modules/hal_nordic/nrfx/libmodules__hal_nordic__nrfx.a(nrfx_nvmc.c.obj)
 .text.nvmc_erase_mode_set
                0x000000000001497c       0x10 modules/hal_nordic/nrfx/libmodules__hal_nordic__nrfx.a(nrfx_nvmc.c.obj)
 .text.nvmc_word_write
                0x000000000001498c       0x18 modules/hal_nordic/nrfx/libmodules__hal_nordic__nrfx.a(nrfx_nvmc.c.obj)
 .text.nrfx_nvmc_page_erase
                0x00000000000149a4       0x38 modules/hal_nordic/nrfx/libmodules__hal_nordic__nrfx.a(nrfx_nvmc.c.obj)
                0x00000000000149a4                nrfx_nvmc_page_erase
 .text.nrfx_ppi_channel_alloc
                0x00000000000149dc       0x10 modules/hal_nordic/nrfx/libmodules__hal_nordic__nrfx.a(nrfx_ppi.c.obj)
                0x00000000000149dc                nrfx_ppi_channel_alloc
 .text.qspi_xfer
                0x00000000000149ec       0xdc modules/hal_nordic/nrfx/libmodules__hal_nordic__nrfx.a(nrfx_qspi.c.obj)
 .text.qspi_pins_configure
                0x0000000000014ac8      0x188 modules/hal_nordic/nrfx/libmodules__hal_nordic__nrfx.a(nrfx_qspi.c.obj)
 .text.qspi_pins_deconfigure
                0x0000000000014c50      0x108 modules/hal_nordic/nrfx/libmodules__hal_nordic__nrfx.a(nrfx_qspi.c.obj)
 .text.qspi_event_xfer_handle
                0x0000000000014d58       0x30 modules/hal_nordic/nrfx/libmodules__hal_nordic__nrfx.a(nrfx_qspi.c.obj)
 .text.qspi_event_erase_handle
                0x0000000000014d88       0x14 modules/hal_nordic/nrfx/libmodules__hal_nordic__nrfx.a(nrfx_qspi.c.obj)
 .text.qspi_extended_event_process
                0x0000000000014d9c       0x40 modules/hal_nordic/nrfx/libmodules__hal_nordic__nrfx.a(nrfx_qspi.c.obj)
 .text.qspi_ready_wait
                0x0000000000014ddc       0x34 modules/hal_nordic/nrfx/libmodules__hal_nordic__nrfx.a(nrfx_qspi.c.obj)
 .text.nrfx_qspi_init
                0x0000000000014e10       0xd0 modules/hal_nordic/nrfx/libmodules__hal_nordic__nrfx.a(nrfx_qspi.c.obj)
                0x0000000000014e10                nrfx_qspi_init
 .text.nrfx_qspi_cinstr_xfer
                0x0000000000014ee0      0x11c modules/hal_nordic/nrfx/libmodules__hal_nordic__nrfx.a(nrfx_qspi.c.obj)
                0x0000000000014ee0                nrfx_qspi_cinstr_xfer
 .text.nrfx_qspi_mem_busy_check
                0x0000000000014ffc       0x50 modules/hal_nordic/nrfx/libmodules__hal_nordic__nrfx.a(nrfx_qspi.c.obj)
                0x0000000000014ffc                nrfx_qspi_mem_busy_check
 .text.nrfx_qspi_uninit
                0x000000000001504c       0x68 modules/hal_nordic/nrfx/libmodules__hal_nordic__nrfx.a(nrfx_qspi.c.obj)
                0x000000000001504c                nrfx_qspi_uninit
 .text.nrfx_qspi_erase
                0x00000000000150b4       0x74 modules/hal_nordic/nrfx/libmodules__hal_nordic__nrfx.a(nrfx_qspi.c.obj)
                0x00000000000150b4                nrfx_qspi_erase
 .text.nrfx_qspi_irq_handler
                0x0000000000015128       0x44 modules/hal_nordic/nrfx/libmodules__hal_nordic__nrfx.a(nrfx_qspi.c.obj)
                0x0000000000015128                nrfx_qspi_irq_handler
 .text._DoInit  0x000000000001516c       0x6c modules/segger/libmodules__segger.a(SEGGER_RTT.c.obj)
 .text.z_device_state_init
                0x00000000000151d8       0x18 zephyr/kernel/libkernel.a(device.c.obj)
                0x00000000000151d8                z_device_state_init
 .text.z_sys_init_run_level
                0x00000000000151f0       0x50 zephyr/kernel/libkernel.a(device.c.obj)
                0x00000000000151f0                z_sys_init_run_level
 .text.init_idle_thread
                0x0000000000015240       0x5c zephyr/kernel/libkernel.a(init.c.obj)
 .text.bg_thread_main
                0x000000000001529c       0x34 zephyr/kernel/libkernel.a(init.c.obj)
 .text.switch_to_main_thread
                0x00000000000152d0       0x14 zephyr/kernel/libkernel.a(init.c.obj)
 .text.z_bss_zero
                0x00000000000152e4       0x18 zephyr/kernel/libkernel.a(init.c.obj)
                0x00000000000152e4                z_bss_zero
 .text.z_init_cpu
                0x00000000000152fc       0x44 zephyr/kernel/libkernel.a(init.c.obj)
                0x00000000000152fc                z_init_cpu
 .text.prepare_multithreading
                0x0000000000015340       0x60 zephyr/kernel/libkernel.a(init.c.obj)
 .text.z_cstart
                0x00000000000153a0       0x8c zephyr/kernel/libkernel.a(init.c.obj)
                0x00000000000153a0                z_cstart
 .text.init_mem_slab_module
                0x000000000001542c       0x24 zephyr/kernel/libkernel.a(mem_slab.c.obj)
 .text.k_mem_slab_alloc
                0x0000000000015450       0x68 zephyr/kernel/libkernel.a(mem_slab.c.obj)
                0x0000000000015450                k_mem_slab_alloc
 .text.z_thread_monitor_exit
                0x00000000000154b8       0x40 zephyr/kernel/libkernel.a(thread.c.obj)
                0x00000000000154b8                z_thread_monitor_exit
 .text.schedule_new_thread
                0x00000000000154f8       0x1c zephyr/kernel/libkernel.a(thread.c.obj)
 .text.z_setup_new_thread
                0x0000000000015514       0xc8 zephyr/kernel/libkernel.a(thread.c.obj)
                0x0000000000015514                z_setup_new_thread
 .text.z_init_static_threads
                0x00000000000155dc       0x94 zephyr/kernel/libkernel.a(thread.c.obj)
                0x00000000000155dc                z_init_static_threads
 .text.idle     0x0000000000015670       0x3c zephyr/kernel/libkernel.a(idle.c.obj)
                0x0000000000015670                idle
 .text.z_impl_k_mutex_lock
                0x00000000000156ac      0x114 zephyr/kernel/libkernel.a(mutex.c.obj)
                0x00000000000156ac                z_impl_k_mutex_lock
 .text.z_impl_k_mutex_unlock
                0x00000000000157c0       0x7c zephyr/kernel/libkernel.a(mutex.c.obj)
                0x00000000000157c0                z_impl_k_mutex_unlock
 .text.z_impl_k_sem_give
                0x000000000001583c       0x48 zephyr/kernel/libkernel.a(sem.c.obj)
                0x000000000001583c                z_impl_k_sem_give
 .text.z_impl_k_sem_take
                0x0000000000015884       0x50 zephyr/kernel/libkernel.a(sem.c.obj)
                0x0000000000015884                z_impl_k_sem_take
 .text.add_thread_timeout
                0x00000000000158d4       0x20 zephyr/kernel/libkernel.a(sched.c.obj)
 .text.z_reset_time_slice
                0x00000000000158f4       0x28 zephyr/kernel/libkernel.a(sched.c.obj)
                0x00000000000158f4                z_reset_time_slice
 .text.k_sched_time_slice_set
                0x000000000001591c       0x74 zephyr/kernel/libkernel.a(sched.c.obj)
                0x000000000001591c                k_sched_time_slice_set
 .text.z_reschedule
                0x0000000000015990       0x38 zephyr/kernel/libkernel.a(sched.c.obj)
                0x0000000000015990                z_reschedule
 .text.k_sched_lock
                0x00000000000159c8       0x34 zephyr/kernel/libkernel.a(sched.c.obj)
                0x00000000000159c8                k_sched_lock
 .text.update_cache
                0x00000000000159fc       0x50 zephyr/kernel/libkernel.a(sched.c.obj)
 .text.move_thread_to_end_of_prio_q
                0x0000000000015a4c       0x88 zephyr/kernel/libkernel.a(sched.c.obj)
 .text.slice_expired_locked
                0x0000000000015ad4       0x28 zephyr/kernel/libkernel.a(sched.c.obj)
 .text.z_time_slice
                0x0000000000015afc       0xb0 zephyr/kernel/libkernel.a(sched.c.obj)
                0x0000000000015afc                z_time_slice
 .text.ready_thread
                0x0000000000015bac       0x80 zephyr/kernel/libkernel.a(sched.c.obj)
 .text.z_sched_start
                0x0000000000015c2c       0x3c zephyr/kernel/libkernel.a(sched.c.obj)
                0x0000000000015c2c                z_sched_start
 .text.unready_thread
                0x0000000000015c68       0x38 zephyr/kernel/libkernel.a(sched.c.obj)
 .text.z_pend_curr
                0x0000000000015ca0       0x28 zephyr/kernel/libkernel.a(sched.c.obj)
                0x0000000000015ca0                z_pend_curr
 .text.z_set_prio
                0x0000000000015cc8       0xc0 zephyr/kernel/libkernel.a(sched.c.obj)
                0x0000000000015cc8                z_set_prio
 .text.z_impl_k_thread_suspend
                0x0000000000015d88       0x84 zephyr/kernel/libkernel.a(sched.c.obj)
                0x0000000000015d88                z_impl_k_thread_suspend
 .text.k_sched_unlock
                0x0000000000015e0c       0x50 zephyr/kernel/libkernel.a(sched.c.obj)
                0x0000000000015e0c                k_sched_unlock
 .text.end_thread
                0x0000000000015e5c       0x9c zephyr/kernel/libkernel.a(sched.c.obj)
 .text.z_sched_init
                0x0000000000015ef8       0x18 zephyr/kernel/libkernel.a(sched.c.obj)
                0x0000000000015ef8                z_sched_init
 .text.z_impl_k_yield
                0x0000000000015f10       0x88 zephyr/kernel/libkernel.a(sched.c.obj)
                0x0000000000015f10                z_impl_k_yield
 .text.z_tick_sleep
                0x0000000000015f98       0x98 zephyr/kernel/libkernel.a(sched.c.obj)
 .text.z_impl_k_sleep
                0x0000000000016030       0x58 zephyr/kernel/libkernel.a(sched.c.obj)
                0x0000000000016030                z_impl_k_sleep
 .text.z_impl_z_current_get
                0x0000000000016088        0xc zephyr/kernel/libkernel.a(sched.c.obj)
                0x0000000000016088                z_impl_z_current_get
 .text.z_thread_abort
                0x0000000000016094       0x70 zephyr/kernel/libkernel.a(sched.c.obj)
                0x0000000000016094                z_thread_abort
 .text.z_data_copy
                0x0000000000016104       0x34 zephyr/kernel/libkernel.a(xip.c.obj)
                0x0000000000016104                z_data_copy
 .text.first    0x0000000000016138       0x14 zephyr/kernel/libkernel.a(timeout.c.obj)
 .text.next     0x000000000001614c       0x18 zephyr/kernel/libkernel.a(timeout.c.obj)
 .text.elapsed  0x0000000000016164       0x18 zephyr/kernel/libkernel.a(timeout.c.obj)
 .text.next_timeout
                0x000000000001617c       0x4c zephyr/kernel/libkernel.a(timeout.c.obj)
 .text.z_add_timeout
                0x00000000000161c8      0x118 zephyr/kernel/libkernel.a(timeout.c.obj)
                0x00000000000161c8                z_add_timeout
 .text.sys_clock_announce
                0x00000000000162e0       0xc4 zephyr/kernel/libkernel.a(timeout.c.obj)
                0x00000000000162e0                sys_clock_announce
 .text.sys_clock_tick_get
                0x00000000000163a4       0x40 zephyr/kernel/libkernel.a(timeout.c.obj)
                0x00000000000163a4                sys_clock_tick_get
 .text.k_aligned_alloc
                0x00000000000163e4       0x14 zephyr/kernel/libkernel.a(mempool.c.obj)
                0x00000000000163e4                k_aligned_alloc
 .text.k_thread_system_pool_assign
                0x00000000000163f8        0xc zephyr/kernel/libkernel.a(mempool.c.obj)
                0x00000000000163f8                k_thread_system_pool_assign
 .text.boot_banner
                0x0000000000016404       0x1c zephyr/kernel/libkernel.a(banner.c.obj)
                0x0000000000016404                boot_banner
 .text.statics_init
                0x0000000000016420       0x24 zephyr/kernel/libkernel.a(kheap.c.obj)
 .text.nrf_cc3xx_platform_init_no_rng
                0x0000000000016444       0x38 C:/NCS_SDK/v2.1.0/nrfxlib/crypto/nrf_cc310_platform/lib/cortex-m4/soft-float/no-interrupts/libnrf_cc310_platform_0.9.15.a(nrf_cc3xx_platform.c.obj)
                0x0000000000016444                nrf_cc3xx_platform_init_no_rng
 .text.nrf_cc3xx_platform_abort
                0x000000000001647c       0x24 C:/NCS_SDK/v2.1.0/nrfxlib/crypto/nrf_cc310_platform/lib/cortex-m4/soft-float/no-interrupts/libnrf_cc310_platform_0.9.15.a(nrf_cc3xx_platform_abort.c.obj)
 .text.CC_PalAbort
                0x00000000000164a0       0x34 C:/NCS_SDK/v2.1.0/nrfxlib/crypto/nrf_cc310_platform/lib/cortex-m4/soft-float/no-interrupts/libnrf_cc310_platform_0.9.15.a(nrf_cc3xx_platform_abort.c.obj)
                0x00000000000164a0                CC_PalAbort
 .text.nrf_cc3xx_platform_set_abort
                0x00000000000164d4       0x10 C:/NCS_SDK/v2.1.0/nrfxlib/crypto/nrf_cc310_platform/lib/cortex-m4/soft-float/no-interrupts/libnrf_cc310_platform_0.9.15.a(nrf_cc3xx_platform_abort.c.obj)
                0x00000000000164d4                nrf_cc3xx_platform_set_abort
 .text.mutex_free
                0x00000000000164e4       0x28 C:/NCS_SDK/v2.1.0/nrfxlib/crypto/nrf_cc310_platform/lib/cortex-m4/soft-float/no-interrupts/libnrf_cc310_platform_0.9.15.a(nrf_cc3xx_platform_mutex.c.obj)
 .text.mutex_lock
                0x000000000001650c       0x40 C:/NCS_SDK/v2.1.0/nrfxlib/crypto/nrf_cc310_platform/lib/cortex-m4/soft-float/no-interrupts/libnrf_cc310_platform_0.9.15.a(nrf_cc3xx_platform_mutex.c.obj)
 .text.mutex_unlock
                0x000000000001654c       0x2c C:/NCS_SDK/v2.1.0/nrfxlib/crypto/nrf_cc310_platform/lib/cortex-m4/soft-float/no-interrupts/libnrf_cc310_platform_0.9.15.a(nrf_cc3xx_platform_mutex.c.obj)
 .text.mutex_init
                0x0000000000016578       0x1c C:/NCS_SDK/v2.1.0/nrfxlib/crypto/nrf_cc310_platform/lib/cortex-m4/soft-float/no-interrupts/libnrf_cc310_platform_0.9.15.a(nrf_cc3xx_platform_mutex.c.obj)
 .text.nrf_cc3xx_platform_set_mutexes
                0x0000000000016594       0x60 C:/NCS_SDK/v2.1.0/nrfxlib/crypto/nrf_cc310_platform/lib/cortex-m4/soft-float/no-interrupts/libnrf_cc310_platform_0.9.15.a(nrf_cc3xx_platform_mutex.c.obj)
                0x0000000000016594                nrf_cc3xx_platform_set_mutexes
 .text.CC_LibInitNoRng
                0x00000000000165f4       0x64 C:/NCS_SDK/v2.1.0/nrfxlib/crypto/nrf_cc310_platform/lib/cortex-m4/soft-float/no-interrupts/libnrf_cc310_platform_0.9.15.a(cc_lib.c.obj)
                0x00000000000165f4                CC_LibInitNoRng
 .text.CC_HalInit
                0x0000000000016658        0x4 C:/NCS_SDK/v2.1.0/nrfxlib/crypto/nrf_cc310_platform/lib/cortex-m4/soft-float/no-interrupts/libnrf_cc310_platform_0.9.15.a(cc_hal.c.obj)
                0x0000000000016658                CC_HalInit
 .text.CC_HalTerminate
                0x000000000001665c        0x4 C:/NCS_SDK/v2.1.0/nrfxlib/crypto/nrf_cc310_platform/lib/cortex-m4/soft-float/no-interrupts/libnrf_cc310_platform_0.9.15.a(cc_hal.c.obj)
                0x000000000001665c                CC_HalTerminate
 .text.CC_HalMaskInterrupt
                0x0000000000016660        0xc C:/NCS_SDK/v2.1.0/nrfxlib/crypto/nrf_cc310_platform/lib/cortex-m4/soft-float/no-interrupts/libnrf_cc310_platform_0.9.15.a(cc_hal.c.obj)
                0x0000000000016660                CC_HalMaskInterrupt
 .text.CC_PalInit
                0x000000000001666c       0x5c C:/NCS_SDK/v2.1.0/nrfxlib/crypto/nrf_cc310_platform/lib/cortex-m4/soft-float/no-interrupts/libnrf_cc310_platform_0.9.15.a(cc_pal.c.obj)
                0x000000000001666c                CC_PalInit
 .text.CC_PalTerminate
                0x00000000000166c8       0x34 C:/NCS_SDK/v2.1.0/nrfxlib/crypto/nrf_cc310_platform/lib/cortex-m4/soft-float/no-interrupts/libnrf_cc310_platform_0.9.15.a(cc_pal.c.obj)
                0x00000000000166c8                CC_PalTerminate
 .text.CC_PalDmaInit
                0x00000000000166fc        0x4 C:/NCS_SDK/v2.1.0/nrfxlib/crypto/nrf_cc310_platform/lib/cortex-m4/soft-float/no-interrupts/libnrf_cc310_platform_0.9.15.a(cc_pal_dma.c.obj)
                0x00000000000166fc                CC_PalDmaInit
 .text.CC_PalDmaTerminate
                0x0000000000016700        0x4 C:/NCS_SDK/v2.1.0/nrfxlib/crypto/nrf_cc310_platform/lib/cortex-m4/soft-float/no-interrupts/libnrf_cc310_platform_0.9.15.a(cc_pal_dma.c.obj)
                0x0000000000016700                CC_PalDmaTerminate
 .text.CC_PalMutexCreate
                0x0000000000016704       0x14 C:/NCS_SDK/v2.1.0/nrfxlib/crypto/nrf_cc310_platform/lib/cortex-m4/soft-float/no-interrupts/libnrf_cc310_platform_0.9.15.a(cc_pal_mutex.c.obj)
                0x0000000000016704                CC_PalMutexCreate
 .text.CC_PalMutexDestroy
                0x0000000000016718       0x14 C:/NCS_SDK/v2.1.0/nrfxlib/crypto/nrf_cc310_platform/lib/cortex-m4/soft-float/no-interrupts/libnrf_cc310_platform_0.9.15.a(cc_pal_mutex.c.obj)
                0x0000000000016718                CC_PalMutexDestroy
 .text.CC_PalPowerSaveModeInit
                0x000000000001672c       0x3c C:/NCS_SDK/v2.1.0/nrfxlib/crypto/nrf_cc310_platform/lib/cortex-m4/soft-float/no-interrupts/libnrf_cc310_platform_0.9.15.a(cc_pal_pm.c.obj)
                0x000000000001672c                CC_PalPowerSaveModeInit
 .text.CC_PalPowerSaveModeSelect
                0x0000000000016768       0x84 C:/NCS_SDK/v2.1.0/nrfxlib/crypto/nrf_cc310_platform/lib/cortex-m4/soft-float/no-interrupts/libnrf_cc310_platform_0.9.15.a(cc_pal_pm.c.obj)
                0x0000000000016768                CC_PalPowerSaveModeSelect
 .text.gpio_pin_configure_dt
                0x00000000000167ec       0x58 app/libapp.a(main.c.obj)
 .text.chunk_left
                0x0000000000016844        0x8 app/libapp.a(detools.c.obj)
 .text.chunk_available
                0x000000000001684c        0xe app/libapp.a(detools.c.obj)
 .text.chunk_get_no_check
                0x000000000001685a        0xe app/libapp.a(detools.c.obj)
 .text.chunk_get
                0x0000000000016868       0x1c app/libapp.a(detools.c.obj)
 .text.is_overflow
                0x0000000000016884        0xa app/libapp.a(detools.c.obj)
 .text.chunk_unpack_header_size
                0x000000000001688e       0x66 app/libapp.a(detools.c.obj)
 .text.unpack_heatshrink_header
                0x00000000000168f4       0x10 app/libapp.a(detools.c.obj)
 .text.patch_reader_decompress
                0x0000000000016904        0xa app/libapp.a(detools.c.obj)
 .text.patch_reader_unpack_size
                0x000000000001690e       0x9e app/libapp.a(detools.c.obj)
 .text.common_process_size
                0x00000000000169ac       0x20 app/libapp.a(detools.c.obj)
 .text.process_dfpatch_size
                0x00000000000169cc       0x24 app/libapp.a(detools.c.obj)
 .text.process_size
                0x00000000000169f0       0x20 app/libapp.a(detools.c.obj)
 .text.process_data
                0x0000000000016a10       0x86 app/libapp.a(detools.c.obj)
 .text.process_diff_size
                0x0000000000016a96        0xa app/libapp.a(detools.c.obj)
 .text.process_diff_data
                0x0000000000016aa0        0xa app/libapp.a(detools.c.obj)
 .text.process_extra_size
                0x0000000000016aaa        0xa app/libapp.a(detools.c.obj)
 .text.process_extra_data
                0x0000000000016ab4        0xa app/libapp.a(detools.c.obj)
 .text.process_adjustment
                0x0000000000016abe       0x3e app/libapp.a(detools.c.obj)
 .text.apply_patch_common_finalize
                0x0000000000016afc       0x34 app/libapp.a(detools.c.obj)
 .text.patch_reader_heatshrink_decompress
                0x0000000000016b30       0xc2 app/libapp.a(detools.c.obj)
 .text.patch_reader_heatshrink_destroy
                0x0000000000016bf2       0x12 app/libapp.a(detools.c.obj)
 .text.patch_reader_init
                0x0000000000016c04        0xe app/libapp.a(detools.c.obj)
 .text.process_init
                0x0000000000016c12       0x7a app/libapp.a(detools.c.obj)
 .text.apply_patch_process_once
                0x0000000000016c8c       0x5c app/libapp.a(detools.c.obj)
 .text.detools_apply_patch_init
                0x0000000000016ce8       0x28 app/libapp.a(detools.c.obj)
                0x0000000000016ce8                detools_apply_patch_init
 .text.detools_apply_patch_process
                0x0000000000016d10       0x3c app/libapp.a(detools.c.obj)
                0x0000000000016d10                detools_apply_patch_process
 .text.detools_apply_patch_finalize
                0x0000000000016d4c       0x24 app/libapp.a(detools.c.obj)
                0x0000000000016d4c                detools_apply_patch_finalize
 .text.detools_apply_patch_callbacks
                0x0000000000016d70       0x32 app/libapp.a(detools.c.obj)
                0x0000000000016d70                detools_apply_patch_callbacks
 .text.get_bits
                0x0000000000016da2       0x8c app/libapp.a(heatshrink_decoder.c.obj)
 .text.st_tag_bit
                0x0000000000016e2e       0x24 app/libapp.a(heatshrink_decoder.c.obj)
 .text.st_backref_index_msb
                0x0000000000016e52       0x1e app/libapp.a(heatshrink_decoder.c.obj)
 .text.st_backref_index_lsb
                0x0000000000016e70       0x2a app/libapp.a(heatshrink_decoder.c.obj)
 .text.st_backref_count_msb
                0x0000000000016e9a       0x1e app/libapp.a(heatshrink_decoder.c.obj)
 .text.st_backref_count_lsb
                0x0000000000016eb8       0x26 app/libapp.a(heatshrink_decoder.c.obj)
 .text.push_byte
                0x0000000000016ede       0x12 app/libapp.a(heatshrink_decoder.c.obj)
 .text.st_yield_literal
                0x0000000000016ef0       0x42 app/libapp.a(heatshrink_decoder.c.obj)
 .text.st_yield_backref
                0x0000000000016f32       0x6c app/libapp.a(heatshrink_decoder.c.obj)
 .text.heatshrink_decoder_reset
                0x0000000000016f9e       0x24 app/libapp.a(heatshrink_decoder.c.obj)
                0x0000000000016f9e                heatshrink_decoder_reset
 .text.heatshrink_decoder_sink
                0x0000000000016fc2       0x4c app/libapp.a(heatshrink_decoder.c.obj)
                0x0000000000016fc2                heatshrink_decoder_sink
 .text.heatshrink_decoder_finish
                0x000000000001700e       0x40 app/libapp.a(heatshrink_decoder.c.obj)
                0x000000000001700e                heatshrink_decoder_finish
 .text.erase_page
                0x000000000001704e       0x28 app/libapp.a(delta.c.obj)
 .text.delta_flash_write
                0x0000000000017076       0x5c app/libapp.a(delta.c.obj)
 .text.delta_flash_from_read
                0x00000000000170d2       0x42 app/libapp.a(delta.c.obj)
 .text.delta_flash_patch_read
                0x0000000000017114       0x42 app/libapp.a(delta.c.obj)
 .text.delta_flash_seek
                0x0000000000017156       0x1e app/libapp.a(delta.c.obj)
 .text.delta_init
                0x0000000000017174       0x16 app/libapp.a(delta.c.obj)
 .text.sys_notify_validate
                0x000000000001718a       0x2e zephyr/libzephyr.a(notify.c.obj)
                0x000000000001718a                sys_notify_validate
 .text.sys_notify_finalize
                0x00000000000171b8       0x1a zephyr/libzephyr.a(notify.c.obj)
                0x00000000000171b8                sys_notify_finalize
 .text.arch_printk_char_out
                0x00000000000171d2        0x4 zephyr/libzephyr.a(printk.c.obj)
                0x00000000000171d2                arch_printk_char_out
 .text.printk   0x00000000000171d6       0x1c zephyr/libzephyr.a(printk.c.obj)
                0x00000000000171d6                printk
 .text.set_state
                0x00000000000171f2       0x10 zephyr/libzephyr.a(onoff.c.obj)
 .text.notify_monitors
                0x0000000000017202       0x3e zephyr/libzephyr.a(onoff.c.obj)
 .text.process_recheck
                0x0000000000017240       0x32 zephyr/libzephyr.a(onoff.c.obj)
 .text.process_complete
                0x0000000000017272       0x9c zephyr/libzephyr.a(onoff.c.obj)
 .text.validate_args
                0x000000000001730e       0x2c zephyr/libzephyr.a(onoff.c.obj)
 .text.notify_one
                0x000000000001733a       0x26 zephyr/libzephyr.a(onoff.c.obj)
 .text.notify_all
                0x0000000000017360       0x2e zephyr/libzephyr.a(onoff.c.obj)
 .text.transition_complete
                0x000000000001738e       0x1c zephyr/libzephyr.a(onoff.c.obj)
 .text.onoff_manager_init
                0x00000000000173aa       0x3a zephyr/libzephyr.a(onoff.c.obj)
                0x00000000000173aa                onoff_manager_init
 .text.onoff_request
                0x00000000000173e4       0xb8 zephyr/libzephyr.a(onoff.c.obj)
                0x00000000000173e4                onoff_request
 .text.z_thread_entry
                0x000000000001749c       0x14 zephyr/libzephyr.a(thread_entry.c.obj)
                0x000000000001749c                z_thread_entry
 .text.chunk_mem
                0x00000000000174b0        0x8 zephyr/libzephyr.a(heap.c.obj)
 .text.free_list_remove_bidx
                0x00000000000174b8       0x40 zephyr/libzephyr.a(heap.c.obj)
 .text.free_list_add_bidx
                0x00000000000174f8       0x50 zephyr/libzephyr.a(heap.c.obj)
 .text.split_chunks
                0x0000000000017548       0x3a zephyr/libzephyr.a(heap.c.obj)
 .text.mem_to_chunkid
                0x0000000000017582        0x8 zephyr/libzephyr.a(heap.c.obj)
 .text.free_list_add
                0x000000000001758a       0x18 zephyr/libzephyr.a(heap.c.obj)
 .text.alloc_chunk
                0x00000000000175a2       0x76 zephyr/libzephyr.a(heap.c.obj)
 .text.sys_heap_alloc
                0x0000000000017618       0x64 zephyr/libzephyr.a(heap.c.obj)
                0x0000000000017618                sys_heap_alloc
 .text.sys_heap_aligned_alloc
                0x000000000001767c       0xe2 zephyr/libzephyr.a(heap.c.obj)
                0x000000000001767c                sys_heap_aligned_alloc
 .text.sys_heap_init
                0x000000000001775e       0x84 zephyr/libzephyr.a(heap.c.obj)
                0x000000000001775e                sys_heap_init
 .text.extract_decimal
                0x00000000000177e2       0x24 zephyr/libzephyr.a(cbprintf_complete.c.obj)
 .text.encode_uint
                0x0000000000017806       0xd4 zephyr/libzephyr.a(cbprintf_complete.c.obj)
 .text.outs     0x00000000000178da       0x34 zephyr/libzephyr.a(cbprintf_complete.c.obj)
 .text._ConfigAbsSyms
                0x000000000001790e        0x2 zephyr/libzephyr.a(configs.c.obj)
                0x000000000001790e                _ConfigAbsSyms
 .text.flash_area_close
                0x0000000000017910        0x2 zephyr/libzephyr.a(flash_map.c.obj)
                0x0000000000017910                flash_area_close
 .text.flash_area_read
                0x0000000000017912       0x36 zephyr/libzephyr.a(flash_map.c.obj)
                0x0000000000017912                flash_area_read
 .text.flash_area_write
                0x0000000000017948       0x36 zephyr/libzephyr.a(flash_map.c.obj)
                0x0000000000017948                flash_area_write
 .text.flash_area_erase
                0x000000000001797e       0x32 zephyr/libzephyr.a(flash_map.c.obj)
                0x000000000001797e                flash_area_erase
 .text.flash_area_align
                0x00000000000179b0        0xe zephyr/libzephyr.a(flash_map.c.obj)
                0x00000000000179b0                flash_area_align
 .text.flash_area_erased_val
                0x00000000000179be        0xe zephyr/libzephyr.a(flash_map.c.obj)
                0x00000000000179be                flash_area_erased_val
 .text.pm_policy_state_lock_is_active
                0x00000000000179cc        0x4 zephyr/libzephyr.a(policy.c.obj)
                0x00000000000179cc                pm_policy_state_lock_is_active
 .text.abort_function
                0x00000000000179d0        0x8 zephyr/libzephyr.a(nrf_cc3xx_platform_abort_zephyr.c.obj)
 .text.z_arm_fatal_error
                0x00000000000179d8        0x8 zephyr/arch/arch/arm/core/aarch32/libarch__arm__core__aarch32.a(fatal.c.obj)
                0x00000000000179d8                z_arm_fatal_error
 .text.z_do_kernel_oops
                0x00000000000179e0        0xc zephyr/arch/arch/arm/core/aarch32/libarch__arm__core__aarch32.a(fatal.c.obj)
                0x00000000000179e0                z_do_kernel_oops
 .text.z_irq_spurious
                0x00000000000179ec        0xc zephyr/arch/arch/arm/core/aarch32/libarch__arm__core__aarch32.a(irq_manage.c.obj)
                0x00000000000179ec                z_irq_spurious
 .text.z_arm_nmi
                0x00000000000179f8        0xc zephyr/arch/arch/arm/core/aarch32/libarch__arm__core__aarch32.a(nmi.c.obj)
                0x00000000000179f8                z_arm_nmi
 .text.memory_fault_recoverable
                0x0000000000017a04        0x4 zephyr/arch/arch/arm/core/aarch32/cortex_m/libarch__arm__core__aarch32__cortex_m.a(fault.c.obj)
 .text.debug_monitor
                0x0000000000017a08        0x6 zephyr/arch/arch/arm/core/aarch32/cortex_m/libarch__arm__core__aarch32__cortex_m.a(fault.c.obj)
 .text.fault_handle
                0x0000000000017a0e       0x46 zephyr/arch/arch/arm/core/aarch32/cortex_m/libarch__arm__core__aarch32__cortex_m.a(fault.c.obj)
 .text.mpu_partition_is_valid
                0x0000000000017a54       0x22 zephyr/arch/arch/arm/core/aarch32/mpu/libarch__arm__core__aarch32__mpu.a(arm_mpu.c.obj)
 .text.region_allocate_and_init
                0x0000000000017a76       0x16 zephyr/arch/arch/arm/core/aarch32/mpu/libarch__arm__core__aarch32__mpu.a(arm_mpu.c.obj)
 .text.mpu_configure_region
                0x0000000000017a8c       0x3e zephyr/arch/arch/arm/core/aarch32/mpu/libarch__arm__core__aarch32__mpu.a(arm_mpu.c.obj)
 .text.mpu_configure_regions
                0x0000000000017aca       0x50 zephyr/arch/arch/arm/core/aarch32/mpu/libarch__arm__core__aarch32__mpu.a(arm_mpu.c.obj)
 .text.arm_core_mpu_configure_static_mpu_regions
                0x0000000000017b1a        0x8 zephyr/arch/arch/arm/core/aarch32/mpu/libarch__arm__core__aarch32__mpu.a(arm_mpu.c.obj)
                0x0000000000017b1a                arm_core_mpu_configure_static_mpu_regions
 .text.arm_core_mpu_configure_dynamic_mpu_regions
                0x0000000000017b22        0x8 zephyr/arch/arch/arm/core/aarch32/mpu/libarch__arm__core__aarch32__mpu.a(arm_mpu.c.obj)
                0x0000000000017b22                arm_core_mpu_configure_dynamic_mpu_regions
 .text.strcpy   0x0000000000017b2a       0x14 zephyr/lib/libc/minimal/liblib__libc__minimal.a(string.c.obj)
                0x0000000000017b2a                strcpy
 .text.strncpy  0x0000000000017b3e       0x34 zephyr/lib/libc/minimal/liblib__libc__minimal.a(string.c.obj)
                0x0000000000017b3e                strncpy
 .text.strlen   0x0000000000017b72       0x12 zephyr/lib/libc/minimal/liblib__libc__minimal.a(string.c.obj)
                0x0000000000017b72                strlen
 .text.strnlen  0x0000000000017b84       0x14 zephyr/lib/libc/minimal/liblib__libc__minimal.a(string.c.obj)
                0x0000000000017b84                strnlen
 .text.memcmp   0x0000000000017b98       0x24 zephyr/lib/libc/minimal/liblib__libc__minimal.a(string.c.obj)
                0x0000000000017b98                memcmp
 .text.memmove  0x0000000000017bbc       0x26 zephyr/lib/libc/minimal/liblib__libc__minimal.a(string.c.obj)
                0x0000000000017bbc                memmove
 .text.memcpy   0x0000000000017be2       0x5e zephyr/lib/libc/minimal/liblib__libc__minimal.a(string.c.obj)
                0x0000000000017be2                memcpy
 .text.memset   0x0000000000017c40       0x3c zephyr/lib/libc/minimal/liblib__libc__minimal.a(string.c.obj)
                0x0000000000017c40                memset
 .text._stdout_hook_default
                0x0000000000017c7c        0x6 zephyr/lib/libc/minimal/liblib__libc__minimal.a(stdout_console.c.obj)
 .text.fputc    0x0000000000017c82        0x8 zephyr/lib/libc/minimal/liblib__libc__minimal.a(stdout_console.c.obj)
                0x0000000000017c82                fputc
 .text.nrf52_errata_197
                0x0000000000017c8a       0x20 zephyr/soc/arm/nordic_nrf/nrf52/libsoc__arm__nordic_nrf__nrf52.a(soc.c.obj)
 .text.pm_state_set
                0x0000000000017caa       0x18 zephyr/soc/arm/nordic_nrf/nrf52/libsoc__arm__nordic_nrf__nrf52.a(power.c.obj)
                0x0000000000017caa                pm_state_set
 .text.pm_state_exit_post_ops
                0x0000000000017cc2        0xc zephyr/soc/arm/nordic_nrf/nrf52/libsoc__arm__nordic_nrf__nrf52.a(power.c.obj)
                0x0000000000017cc2                pm_state_exit_post_ops
 .text.boot_request_upgrade
                0x0000000000017cce       0x10 zephyr/subsys/dfu/boot/libsubsys__dfu__boot.a(mcuboot.c.obj)
                0x0000000000017cce                boot_request_upgrade
 .text.get_sub_data
                0x0000000000017cde        0xe zephyr/drivers/clock_control/libdrivers__clock_control.a(clock_control_nrf.c.obj)
 .text.get_sub_config
                0x0000000000017cec        0x8 zephyr/drivers/clock_control/libdrivers__clock_control.a(clock_control_nrf.c.obj)
 .text.get_onoff_manager
                0x0000000000017cf4        0xc zephyr/drivers/clock_control/libdrivers__clock_control.a(clock_control_nrf.c.obj)
 .text.get_status
                0x0000000000017d00       0x10 zephyr/drivers/clock_control/libdrivers__clock_control.a(clock_control_nrf.c.obj)
 .text.set_off_state
                0x0000000000017d10       0x32 zephyr/drivers/clock_control/libdrivers__clock_control.a(clock_control_nrf.c.obj)
 .text.set_starting_state
                0x0000000000017d42       0x3c zephyr/drivers/clock_control/libdrivers__clock_control.a(clock_control_nrf.c.obj)
 .text.set_on_state
                0x0000000000017d7e       0x26 zephyr/drivers/clock_control/libdrivers__clock_control.a(clock_control_nrf.c.obj)
 .text.clkstarted_handle
                0x0000000000017da4       0x24 zephyr/drivers/clock_control/libdrivers__clock_control.a(clock_control_nrf.c.obj)
 .text.stop     0x0000000000017dc8       0x2a zephyr/drivers/clock_control/libdrivers__clock_control.a(clock_control_nrf.c.obj)
 .text.api_stop
                0x0000000000017df2        0xa zephyr/drivers/clock_control/libdrivers__clock_control.a(clock_control_nrf.c.obj)
 .text.async_start
                0x0000000000017dfc       0x38 zephyr/drivers/clock_control/libdrivers__clock_control.a(clock_control_nrf.c.obj)
 .text.api_start
                0x0000000000017e34       0x10 zephyr/drivers/clock_control/libdrivers__clock_control.a(clock_control_nrf.c.obj)
 .text.onoff_started_callback
                0x0000000000017e44       0x10 zephyr/drivers/clock_control/libdrivers__clock_control.a(clock_control_nrf.c.obj)
 .text.hfclk_start
                0x0000000000017e54        0xa zephyr/drivers/clock_control/libdrivers__clock_control.a(clock_control_nrf.c.obj)
 .text.lfclk_start
                0x0000000000017e5e        0xa zephyr/drivers/clock_control/libdrivers__clock_control.a(clock_control_nrf.c.obj)
 .text.hfclk_stop
                0x0000000000017e68        0xa zephyr/drivers/clock_control/libdrivers__clock_control.a(clock_control_nrf.c.obj)
 .text.lfclk_stop
                0x0000000000017e72        0xa zephyr/drivers/clock_control/libdrivers__clock_control.a(clock_control_nrf.c.obj)
 .text.blocking_start_callback
                0x0000000000017e7c        0xa zephyr/drivers/clock_control/libdrivers__clock_control.a(clock_control_nrf.c.obj)
 .text.get_drive
                0x0000000000017e86       0x86 zephyr/drivers/gpio/libdrivers__gpio.a(gpio_nrfx.c.obj)
 .text.get_pull
                0x0000000000017f0c       0x18 zephyr/drivers/gpio/libdrivers__gpio.a(gpio_nrfx.c.obj)
 .text.gpio_nrfx_port_get_raw
                0x0000000000017f24        0xe zephyr/drivers/gpio/libdrivers__gpio.a(gpio_nrfx.c.obj)
 .text.gpio_nrfx_port_set_masked_raw
                0x0000000000017f32       0x18 zephyr/drivers/gpio/libdrivers__gpio.a(gpio_nrfx.c.obj)
 .text.gpio_nrfx_port_set_bits_raw
                0x0000000000017f4a        0xc zephyr/drivers/gpio/libdrivers__gpio.a(gpio_nrfx.c.obj)
 .text.gpio_nrfx_port_clear_bits_raw
                0x0000000000017f56        0xc zephyr/drivers/gpio/libdrivers__gpio.a(gpio_nrfx.c.obj)
 .text.gpio_nrfx_port_toggle_bits
                0x0000000000017f62       0x1a zephyr/drivers/gpio/libdrivers__gpio.a(gpio_nrfx.c.obj)
 .text.get_trigger
                0x0000000000017f7c       0x2c zephyr/drivers/gpio/libdrivers__gpio.a(gpio_nrfx.c.obj)
 .text.gpio_nrfx_manage_callback
                0x0000000000017fa8       0x72 zephyr/drivers/gpio/libdrivers__gpio.a(gpio_nrfx.c.obj)
 .text.nrfx_gpio_handler
                0x000000000001801a       0x48 zephyr/drivers/gpio/libdrivers__gpio.a(gpio_nrfx.c.obj)
 .text.qspi_handler
                0x0000000000018062       0x10 zephyr/drivers/flash/libdrivers__flash.a(nrf_qspi_nor.c.obj)
 .text.qspi_send_cmd
                0x0000000000018072       0xc2 zephyr/drivers/flash/libdrivers__flash.a(nrf_qspi_nor.c.obj)
 .text.qspi_nor_write_protection_set
                0x0000000000018134       0x2e zephyr/drivers/flash/libdrivers__flash.a(nrf_qspi_nor.c.obj)
 .text.qspi_rdsr
                0x0000000000018162       0x50 zephyr/drivers/flash/libdrivers__flash.a(nrf_qspi_nor.c.obj)
 .text.qspi_wait_while_writing
                0x00000000000181b2       0x1c zephyr/drivers/flash/libdrivers__flash.a(nrf_qspi_nor.c.obj)
 .text.qspi_wrsr
                0x00000000000181ce       0x52 zephyr/drivers/flash/libdrivers__flash.a(nrf_qspi_nor.c.obj)
 .text.qspi_read_jedec_id
                0x0000000000018220       0x40 zephyr/drivers/flash/libdrivers__flash.a(nrf_qspi_nor.c.obj)
 .text.qspi_nor_configure
                0x0000000000018260       0x44 zephyr/drivers/flash/libdrivers__flash.a(nrf_qspi_nor.c.obj)
 .text.qspi_nor_init
                0x00000000000182a4       0x3c zephyr/drivers/flash/libdrivers__flash.a(nrf_qspi_nor.c.obj)
 .text.qspi_nor_erase
                0x00000000000182e0       0x22 zephyr/drivers/flash/libdrivers__flash.a(nrf_qspi_nor.c.obj)
 .text.nrf52_errata_242
                0x0000000000018302       0x14 zephyr/drivers/flash/libdrivers__flash.a(soc_flash_nrf.c.obj)
 .text.shift_write_context
                0x0000000000018316       0x14 zephyr/drivers/flash/libdrivers__flash.a(soc_flash_nrf.c.obj)
 .text.erase_op
                0x000000000001832a       0x38 zephyr/drivers/flash/libdrivers__flash.a(soc_flash_nrf.c.obj)
 .text.erase    0x0000000000018362       0x1c zephyr/drivers/flash/libdrivers__flash.a(soc_flash_nrf.c.obj)
 .text.write_op
                0x000000000001837e       0x90 zephyr/drivers/flash/libdrivers__flash.a(soc_flash_nrf.c.obj)
 .text.write    0x000000000001840e       0x16 zephyr/drivers/flash/libdrivers__flash.a(soc_flash_nrf.c.obj)
 .text.flash_nrf_read
                0x0000000000018424       0x44 zephyr/drivers/flash/libdrivers__flash.a(soc_flash_nrf.c.obj)
 .text.flash_get_page_info
                0x0000000000018468       0x6a zephyr/drivers/flash/libdrivers__flash.a(flash_page_layout.c.obj)
 .text.z_impl_flash_get_page_info_by_offs
                0x00000000000184d2        0xc zephyr/drivers/flash/libdrivers__flash.a(flash_page_layout.c.obj)
                0x00000000000184d2                z_impl_flash_get_page_info_by_offs
 .text.endtx_isr
                0x00000000000184de       0x32 zephyr/drivers/serial/libdrivers__serial.a(uart_nrfx_uarte.c.obj)
 .text.uarte_nrfx_isr_int
                0x0000000000018510       0x52 zephyr/drivers/serial/libdrivers__serial.a(uart_nrfx_uarte.c.obj)
 .text.uarte_nrfx_configure
                0x0000000000018562       0xa6 zephyr/drivers/serial/libdrivers__serial.a(uart_nrfx_uarte.c.obj)
 .text.uarte_nrfx_config_get
                0x0000000000018608       0x12 zephyr/drivers/serial/libdrivers__serial.a(uart_nrfx_uarte.c.obj)
 .text.uarte_nrfx_err_check
                0x000000000001861a        0xe zephyr/drivers/serial/libdrivers__serial.a(uart_nrfx_uarte.c.obj)
 .text.is_tx_ready
                0x0000000000018628       0x28 zephyr/drivers/serial/libdrivers__serial.a(uart_nrfx_uarte.c.obj)
 .text.uarte_enable
                0x0000000000018650        0xc zephyr/drivers/serial/libdrivers__serial.a(uart_nrfx_uarte.c.obj)
 .text.tx_start
                0x000000000001865c       0x3e zephyr/drivers/serial/libdrivers__serial.a(uart_nrfx_uarte.c.obj)
 .text.uarte_nrfx_poll_in
                0x000000000001869a       0x2c zephyr/drivers/serial/libdrivers__serial.a(uart_nrfx_uarte.c.obj)
 .text.wait_tx_ready
                0x00000000000186c6       0x4e zephyr/drivers/serial/libdrivers__serial.a(uart_nrfx_uarte.c.obj)
 .text.uarte_instance_init
                0x0000000000018714       0xc2 zephyr/drivers/serial/libdrivers__serial.a(uart_nrfx_uarte.c.obj)
 .text.uarte_0_init
                0x00000000000187d6       0x1e zephyr/drivers/serial/libdrivers__serial.a(uart_nrfx_uarte.c.obj)
 .text.uarte_1_init
                0x00000000000187f4       0x1e zephyr/drivers/serial/libdrivers__serial.a(uart_nrfx_uarte.c.obj)
 .text.sys_clock_idle_exit
                0x0000000000018812        0x2 zephyr/drivers/timer/libdrivers__timer.a(sys_clock_init.c.obj)
                0x0000000000018812                sys_clock_idle_exit
 .text.counter_sub
                0x0000000000018814        0x8 zephyr/drivers/timer/libdrivers__timer.a(nrf_rtc_timer.c.obj)
 .text.event_clear
                0x000000000001881c       0x18 zephyr/drivers/timer/libdrivers__timer.a(nrf_rtc_timer.c.obj)
 .text.absolute_time_to_cc
                0x0000000000018834        0x6 zephyr/drivers/timer/libdrivers__timer.a(nrf_rtc_timer.c.obj)
 .text.full_int_lock
                0x000000000001883a       0x12 zephyr/drivers/timer/libdrivers__timer.a(nrf_rtc_timer.c.obj)
 .text.full_int_unlock
                0x000000000001884c        0xa zephyr/drivers/timer/libdrivers__timer.a(nrf_rtc_timer.c.obj)
 .text.set_absolute_alarm
                0x0000000000018856       0x76 zephyr/drivers/timer/libdrivers__timer.a(nrf_rtc_timer.c.obj)
 .text.compare_set
                0x00000000000188cc       0x32 zephyr/drivers/timer/libdrivers__timer.a(nrf_rtc_timer.c.obj)
 .text.sys_clock_cycle_get_32
                0x00000000000188fe        0x8 zephyr/drivers/timer/libdrivers__timer.a(nrf_rtc_timer.c.obj)
                0x00000000000188fe                sys_clock_cycle_get_32
 .text.pinctrl_lookup_state
                0x0000000000018906       0x34 zephyr/drivers/pinctrl/libdrivers__pinctrl.a(common.c.obj)
                0x0000000000018906                pinctrl_lookup_state
 .text.k_sys_fatal_error_handler
                0x000000000001893a        0x8 modules/nrf/lib/fatal_error/lib..__nrf__lib__fatal_error.a(fatal_error.c.obj)
                0x000000000001893a                k_sys_fatal_error_handler
 .text.hw_cc3xx_init_internal
                0x0000000000018942        0x8 modules/nrf/drivers/hw_cc310/lib..__nrf__drivers__hw_cc310.a(hw_cc310.c.obj)
 .text.hw_cc3xx_init
                0x000000000001894a       0x14 modules/nrf/drivers/hw_cc310/lib..__nrf__drivers__hw_cc310.a(hw_cc310.c.obj)
 .text.boot_flag_decode
                0x000000000001895e        0xa modules/mcuboot/boot/bootutil/zephyr/libmcuboot_util.a(bootutil_public.c.obj)
 .text.boot_swap_info_off
                0x0000000000018968        0xc modules/mcuboot/boot/bootutil/zephyr/libmcuboot_util.a(bootutil_public.c.obj)
                0x0000000000018968                boot_swap_info_off
 .text.bootutil_buffer_is_erased
                0x0000000000018974       0x2e modules/mcuboot/boot/bootutil/zephyr/libmcuboot_util.a(bootutil_public.c.obj)
                0x0000000000018974                bootutil_buffer_is_erased
 .text.boot_read_flag
                0x00000000000189a2       0x38 modules/mcuboot/boot/bootutil/zephyr/libmcuboot_util.a(bootutil_public.c.obj)
 .text.boot_write_trailer
                0x00000000000189da       0x5e modules/mcuboot/boot/bootutil/zephyr/libmcuboot_util.a(bootutil_public.c.obj)
                0x00000000000189da                boot_write_trailer
 .text.boot_write_trailer_flag
                0x0000000000018a38       0x16 modules/mcuboot/boot/bootutil/zephyr/libmcuboot_util.a(bootutil_public.c.obj)
                0x0000000000018a38                boot_write_trailer_flag
 .text.boot_write_image_ok
                0x0000000000018a4e       0x12 modules/mcuboot/boot/bootutil/zephyr/libmcuboot_util.a(bootutil_public.c.obj)
                0x0000000000018a4e                boot_write_image_ok
 .text.boot_read_image_ok
                0x0000000000018a60       0x10 modules/mcuboot/boot/bootutil/zephyr/libmcuboot_util.a(bootutil_public.c.obj)
                0x0000000000018a60                boot_read_image_ok
 .text.boot_read_swap_state
                0x0000000000018a70       0xa0 modules/mcuboot/boot/bootutil/zephyr/libmcuboot_util.a(bootutil_public.c.obj)
                0x0000000000018a70                boot_read_swap_state
 .text.boot_write_swap_info
                0x0000000000018b10       0x24 modules/mcuboot/boot/bootutil/zephyr/libmcuboot_util.a(bootutil_public.c.obj)
                0x0000000000018b10                boot_write_swap_info
 .text.boot_set_pending_multi
                0x0000000000018b34       0x78 modules/mcuboot/boot/bootutil/zephyr/libmcuboot_util.a(bootutil_public.c.obj)
                0x0000000000018b34                boot_set_pending_multi
 .text.boot_set_pending
                0x0000000000018bac        0xc modules/mcuboot/boot/bootutil/zephyr/libmcuboot_util.a(bootutil_public.c.obj)
                0x0000000000018bac                boot_set_pending
 .text.nrf52_errata_36
                0x0000000000018bb8       0x14 modules/hal_nordic/nrfx/libmodules__hal_nordic__nrfx.a(system_nrf52840.c.obj)
 .text.nrf52_errata_66
                0x0000000000018bcc       0x14 modules/hal_nordic/nrfx/libmodules__hal_nordic__nrfx.a(system_nrf52840.c.obj)
 .text.nrf52_errata_98
                0x0000000000018be0       0x26 modules/hal_nordic/nrfx/libmodules__hal_nordic__nrfx.a(system_nrf52840.c.obj)
 .text.nrf52_errata_103
                0x0000000000018c06       0x26 modules/hal_nordic/nrfx/libmodules__hal_nordic__nrfx.a(system_nrf52840.c.obj)
 .text.nrf52_errata_115
                0x0000000000018c2c       0x26 modules/hal_nordic/nrfx/libmodules__hal_nordic__nrfx.a(system_nrf52840.c.obj)
 .text.nrf52_errata_120
                0x0000000000018c52       0x26 modules/hal_nordic/nrfx/libmodules__hal_nordic__nrfx.a(system_nrf52840.c.obj)
 .text.nrf52_errata_136
                0x0000000000018c78       0x14 modules/hal_nordic/nrfx/libmodules__hal_nordic__nrfx.a(system_nrf52840.c.obj)
 .text.nrf52_configuration_249
                0x0000000000018c8c       0x20 modules/hal_nordic/nrfx/libmodules__hal_nordic__nrfx.a(system_nrf52840.c.obj)
 .text.nrfx_isr
                0x0000000000018cac        0x6 modules/hal_nordic/nrfx/libmodules__hal_nordic__nrfx.a(nrfx_glue.c.obj)
                0x0000000000018cac                nrfx_isr
 .text.nrfx_busy_wait
                0x0000000000018cb2        0x8 modules/hal_nordic/nrfx/libmodules__hal_nordic__nrfx.a(nrfx_glue.c.obj)
                0x0000000000018cb2                nrfx_busy_wait
 .text.clock_initial_lfclksrc_get
                0x0000000000018cba        0x4 modules/hal_nordic/nrfx/libmodules__hal_nordic__nrfx.a(nrfx_clock.c.obj)
 .text.clock_lfclksrc_tweak
                0x0000000000018cbe       0x2c modules/hal_nordic/nrfx/libmodules__hal_nordic__nrfx.a(nrfx_clock.c.obj)
 .text.nrfx_clock_enable
                0x0000000000018cea       0x1e modules/hal_nordic/nrfx/libmodules__hal_nordic__nrfx.a(nrfx_clock.c.obj)
                0x0000000000018cea                nrfx_clock_enable
 .text.nrfx_clock_start
                0x0000000000018d08       0xa0 modules/hal_nordic/nrfx/libmodules__hal_nordic__nrfx.a(nrfx_clock.c.obj)
                0x0000000000018d08                nrfx_clock_start
 .text.nrfx_clock_stop
                0x0000000000018da8        0x8 modules/hal_nordic/nrfx/libmodules__hal_nordic__nrfx.a(nrfx_clock.c.obj)
                0x0000000000018da8                nrfx_clock_stop
 .text.pin_is_task_output
                0x0000000000018db0       0x1e modules/hal_nordic/nrfx/libmodules__hal_nordic__nrfx.a(nrfx_gpiote.c.obj)
 .text.pin_is_input
                0x0000000000018dce        0xe modules/hal_nordic/nrfx/libmodules__hal_nordic__nrfx.a(nrfx_gpiote.c.obj)
 .text.gpiote_polarity_to_trigger
                0x0000000000018ddc        0x2 modules/hal_nordic/nrfx/libmodules__hal_nordic__nrfx.a(nrfx_gpiote.c.obj)
 .text.gpiote_trigger_to_polarity
                0x0000000000018dde        0x2 modules/hal_nordic/nrfx/libmodules__hal_nordic__nrfx.a(nrfx_gpiote.c.obj)
 .text.is_level
                0x0000000000018de0        0xa modules/hal_nordic/nrfx/libmodules__hal_nordic__nrfx.a(nrfx_gpiote.c.obj)
 .text.flash_page_size_get
                0x0000000000018dea        0x8 modules/hal_nordic/nrfx/libmodules__hal_nordic__nrfx.a(nrfx_nvmc.c.obj)
 .text.flash_page_count_get
                0x0000000000018df2        0x8 modules/hal_nordic/nrfx/libmodules__hal_nordic__nrfx.a(nrfx_nvmc.c.obj)
 .text.flash_total_size_get
                0x0000000000018dfa       0x12 modules/hal_nordic/nrfx/libmodules__hal_nordic__nrfx.a(nrfx_nvmc.c.obj)
 .text.is_page_aligned_check
                0x0000000000018e0c       0x18 modules/hal_nordic/nrfx/libmodules__hal_nordic__nrfx.a(nrfx_nvmc.c.obj)
 .text.partial_word_create
                0x0000000000018e24       0x2e modules/hal_nordic/nrfx/libmodules__hal_nordic__nrfx.a(nrfx_nvmc.c.obj)
 .text.nvmc_words_write
                0x0000000000018e52       0x20 modules/hal_nordic/nrfx/libmodules__hal_nordic__nrfx.a(nrfx_nvmc.c.obj)
 .text.nrfx_nvmc_word_write
                0x0000000000018e72       0x18 modules/hal_nordic/nrfx/libmodules__hal_nordic__nrfx.a(nrfx_nvmc.c.obj)
                0x0000000000018e72                nrfx_nvmc_word_write
 .text.nrfx_nvmc_bytes_write
                0x0000000000018e8a       0x6a modules/hal_nordic/nrfx/libmodules__hal_nordic__nrfx.a(nrfx_nvmc.c.obj)
                0x0000000000018e8a                nrfx_nvmc_bytes_write
 .text.nrfx_nvmc_flash_size_get
                0x0000000000018ef4        0x8 modules/hal_nordic/nrfx/libmodules__hal_nordic__nrfx.a(nrfx_nvmc.c.obj)
                0x0000000000018ef4                nrfx_nvmc_flash_size_get
 .text.nrfx_nvmc_flash_page_size_get
                0x0000000000018efc        0x8 modules/hal_nordic/nrfx/libmodules__hal_nordic__nrfx.a(nrfx_nvmc.c.obj)
                0x0000000000018efc                nrfx_nvmc_flash_page_size_get
 .text.nrfx_nvmc_flash_page_count_get
                0x0000000000018f04        0x8 modules/hal_nordic/nrfx/libmodules__hal_nordic__nrfx.a(nrfx_nvmc.c.obj)
                0x0000000000018f04                nrfx_nvmc_flash_page_count_get
 .text.nrf52_errata_122
                0x0000000000018f0c       0x14 modules/hal_nordic/nrfx/libmodules__hal_nordic__nrfx.a(nrfx_qspi.c.obj)
 .text.nrfx_qspi_write
                0x0000000000018f20        0xa modules/hal_nordic/nrfx/libmodules__hal_nordic__nrfx.a(nrfx_qspi.c.obj)
                0x0000000000018f20                nrfx_qspi_write
 .text.nrfx_qspi_read
                0x0000000000018f2a        0xa modules/hal_nordic/nrfx/libmodules__hal_nordic__nrfx.a(nrfx_qspi.c.obj)
                0x0000000000018f2a                nrfx_qspi_read
 .text.nrfx_qspi_chip_erase
                0x0000000000018f34        0xc modules/hal_nordic/nrfx/libmodules__hal_nordic__nrfx.a(nrfx_qspi.c.obj)
                0x0000000000018f34                nrfx_qspi_chip_erase
 .text.SEGGER_RTT_Init
                0x0000000000018f40        0x8 modules/segger/libmodules__segger.a(SEGGER_RTT.c.obj)
                0x0000000000018f40                SEGGER_RTT_Init
 .text.rtt_init
                0x0000000000018f48        0xa modules/segger/libmodules__segger.a(SEGGER_RTT_zephyr.c.obj)
 .text.z_device_is_ready
                0x0000000000018f52       0x1a zephyr/kernel/libkernel.a(device.c.obj)
                0x0000000000018f52                z_device_is_ready
 .text.z_fatal_error
                0x0000000000018f6c       0x34 zephyr/kernel/libkernel.a(fatal.c.obj)
                0x0000000000018f6c                z_fatal_error
 .text.z_early_memset
                0x0000000000018fa0        0x8 zephyr/kernel/libkernel.a(init.c.obj)
                0x0000000000018fa0                z_early_memset
 .text.z_early_memcpy
                0x0000000000018fa8        0x8 zephyr/kernel/libkernel.a(init.c.obj)
                0x0000000000018fa8                z_early_memcpy
 .text.create_free_list
                0x0000000000018fb0       0x2e zephyr/kernel/libkernel.a(mem_slab.c.obj)
 .text.k_mem_slab_init
                0x0000000000018fde       0x1c zephyr/kernel/libkernel.a(mem_slab.c.obj)
                0x0000000000018fde                k_mem_slab_init
 .text.k_mem_slab_free
                0x0000000000018ffa       0x58 zephyr/kernel/libkernel.a(mem_slab.c.obj)
                0x0000000000018ffa                k_mem_slab_free
 .text.setup_thread_stack
                0x0000000000019052       0x24 zephyr/kernel/libkernel.a(thread.c.obj)
 .text.k_is_in_isr
                0x0000000000019076        0xc zephyr/kernel/libkernel.a(thread.c.obj)
                0x0000000000019076                k_is_in_isr
 .text.z_impl_k_thread_start
                0x0000000000019082        0x8 zephyr/kernel/libkernel.a(thread.c.obj)
                0x0000000000019082                z_impl_k_thread_start
 .text.z_init_thread_base
                0x000000000001908a       0x16 zephyr/kernel/libkernel.a(thread.c.obj)
                0x000000000001908a                z_init_thread_base
 .text.z_pm_save_idle_exit
                0x00000000000190a0        0xc zephyr/kernel/libkernel.a(idle.c.obj)
                0x00000000000190a0                z_pm_save_idle_exit
 .text.new_prio_for_inheritance
                0x00000000000190ac       0x16 zephyr/kernel/libkernel.a(mutex.c.obj)
 .text.adjust_owner_prio
                0x00000000000190c2       0x16 zephyr/kernel/libkernel.a(mutex.c.obj)
 .text.z_impl_k_mutex_init
                0x00000000000190d8        0xe zephyr/kernel/libkernel.a(mutex.c.obj)
                0x00000000000190d8                z_impl_k_mutex_init
 .text.z_impl_k_sem_init
                0x00000000000190e6       0x1e zephyr/kernel/libkernel.a(sem.c.obj)
                0x00000000000190e6                z_impl_k_sem_init
 .text.thread_active_elsewhere
                0x0000000000019104        0x4 zephyr/kernel/libkernel.a(sched.c.obj)
 .text.pended_on_thread
                0x0000000000019108        0x4 zephyr/kernel/libkernel.a(sched.c.obj)
 .text.z_sched_prio_cmp
                0x000000000001910c       0x14 zephyr/kernel/libkernel.a(sched.c.obj)
                0x000000000001910c                z_sched_prio_cmp
 .text.z_reschedule_irqlock
                0x0000000000019120       0x2a zephyr/kernel/libkernel.a(sched.c.obj)
                0x0000000000019120                z_reschedule_irqlock
 .text.z_priq_dumb_remove
                0x000000000001914a       0x10 zephyr/kernel/libkernel.a(sched.c.obj)
                0x000000000001914a                z_priq_dumb_remove
 .text.z_priq_dumb_best
                0x000000000001915a        0xe zephyr/kernel/libkernel.a(sched.c.obj)
                0x000000000001915a                z_priq_dumb_best
 .text.z_ready_thread
                0x0000000000019168       0x38 zephyr/kernel/libkernel.a(sched.c.obj)
                0x0000000000019168                z_ready_thread
 .text.z_thread_timeout
                0x00000000000191a0       0x70 zephyr/kernel/libkernel.a(sched.c.obj)
                0x00000000000191a0                z_thread_timeout
 .text.add_to_waitq_locked
                0x0000000000019210       0x54 zephyr/kernel/libkernel.a(sched.c.obj)
 .text.pend     0x0000000000019264       0x44 zephyr/kernel/libkernel.a(sched.c.obj)
 .text.z_unpend_first_thread
                0x00000000000192a8       0x56 zephyr/kernel/libkernel.a(sched.c.obj)
                0x00000000000192a8                z_unpend_first_thread
 .text.init_ready_q
                0x00000000000192fe        0x8 zephyr/kernel/libkernel.a(sched.c.obj)
                0x00000000000192fe                init_ready_q
 .text.remove_timeout
                0x0000000000019306       0x2e zephyr/kernel/libkernel.a(timeout.c.obj)
 .text.z_abort_timeout
                0x0000000000019334       0x3c zephyr/kernel/libkernel.a(timeout.c.obj)
                0x0000000000019334                z_abort_timeout
 .text.z_get_next_timeout_expiry
                0x0000000000019370       0x2e zephyr/kernel/libkernel.a(timeout.c.obj)
                0x0000000000019370                z_get_next_timeout_expiry
 .text.z_set_timeout_expiry
                0x000000000001939e       0x56 zephyr/kernel/libkernel.a(timeout.c.obj)
                0x000000000001939e                z_set_timeout_expiry
 .text.sys_clock_tick_get_32
                0x00000000000193f4        0x8 zephyr/kernel/libkernel.a(timeout.c.obj)
                0x00000000000193f4                sys_clock_tick_get_32
 .text.z_impl_k_busy_wait
                0x00000000000193fc        0xc zephyr/kernel/libkernel.a(timeout.c.obj)
                0x00000000000193fc                z_impl_k_busy_wait
 .text.sys_clock_timeout_end_calc
                0x0000000000019408       0x58 zephyr/kernel/libkernel.a(timeout.c.obj)
                0x0000000000019408                sys_clock_timeout_end_calc
 .text.z_heap_aligned_alloc
                0x0000000000019460       0x32 zephyr/kernel/libkernel.a(mempool.c.obj)
 .text.k_malloc
                0x0000000000019492        0xc zephyr/kernel/libkernel.a(mempool.c.obj)
                0x0000000000019492                k_malloc
 .text.k_heap_init
                0x000000000001949e       0x10 zephyr/kernel/libkernel.a(kheap.c.obj)
                0x000000000001949e                k_heap_init
 .text.k_heap_aligned_alloc
                0x00000000000194ae       0x92 zephyr/kernel/libkernel.a(kheap.c.obj)
                0x00000000000194ae                k_heap_aligned_alloc
 .text._OffsetAbsSyms
                0x0000000000019540        0x2 zephyr/CMakeFiles/offsets.dir/./arch/arm/core/offsets/offsets.c.obj
                0x0000000000019540                _OffsetAbsSyms
 *(SORT_BY_ALIGNMENT(.TEXT.*))
 *(SORT_BY_ALIGNMENT(.gnu.linkonce.t.*))
 *(SORT_BY_ALIGNMENT(.glue_7t))
 .glue_7t       0x0000000000019542        0x0 linker stubs
 *(SORT_BY_ALIGNMENT(.glue_7))
 .glue_7        0x0000000000019542        0x0 linker stubs
 *(SORT_BY_ALIGNMENT(.vfp11_veneer))
 .vfp11_veneer  0x0000000000019542        0x0 linker stubs
 *(SORT_BY_ALIGNMENT(.v4_bx))
 .v4_bx         0x0000000000019542        0x0 linker stubs
                0x0000000000019542                __text_region_end = .

.ARM.exidx      0x0000000000019544        0x8
                0x0000000000019544                __exidx_start = .
 *(SORT_BY_ALIGNMENT(.ARM.exidx*) SORT_BY_ALIGNMENT(gnu.linkonce.armexidx.*))
 .ARM.exidx     0x0000000000019544        0x8 c:/ncs_sdk/toolchains/v2.1.0/opt/zephyr-sdk/arm-zephyr-eabi/bin/../lib/gcc/arm-zephyr-eabi/10.3.0/thumb/v7e-m/nofp\libgcc.a(_udivmoddi4.o)
                0x000000000001954c                __exidx_end = .
                0x000000000001954c                __rodata_region_start = .

initlevel       0x000000000001954c       0x78
                0x000000000001954c                __init_start = .
                0x000000000001954c                __init_PRE_KERNEL_1_start = .
 *(SORT_BY_NAME(SORT_BY_ALIGNMENT(.z_init_PRE_KERNEL_1[0-9]_*)))
 .z_init_PRE_KERNEL_10_
                0x000000000001954c        0x8 zephyr/soc/arm/nordic_nrf/nrf52/libsoc__arm__nordic_nrf__nrf52.a(soc.c.obj)
 *(SORT_BY_NAME(SORT_BY_ALIGNMENT(.z_init_PRE_KERNEL_1[1-9][0-9]_*)))
 .z_init_PRE_KERNEL_130_
                0x0000000000019554        0x8 zephyr/drivers/clock_control/libdrivers__clock_control.a(clock_control_nrf.c.obj)
 .z_init_PRE_KERNEL_130_
                0x000000000001955c        0x8 modules/segger/libmodules__segger.a(SEGGER_RTT_zephyr.c.obj)
 .z_init_PRE_KERNEL_130_
                0x0000000000019564        0x8 zephyr/kernel/libkernel.a(mem_slab.c.obj)
 .z_init_PRE_KERNEL_130_
                0x000000000001956c        0x8 zephyr/kernel/libkernel.a(kheap.c.obj)
 .z_init_PRE_KERNEL_140_
                0x0000000000019574       0x10 zephyr/drivers/gpio/libdrivers__gpio.a(gpio_nrfx.c.obj)
 .z_init_PRE_KERNEL_140_
                0x0000000000019584        0x8 modules/nrf/drivers/hw_cc310/lib..__nrf__drivers__hw_cc310.a(hw_cc310.c.obj)
 .z_init_PRE_KERNEL_155_
                0x000000000001958c       0x10 zephyr/drivers/serial/libdrivers__serial.a(uart_nrfx_uarte.c.obj)
 .z_init_PRE_KERNEL_160_
                0x000000000001959c        0x8 zephyr/drivers/console/libdrivers__console.a(uart_console.c.obj)
                0x00000000000195a4                __init_PRE_KERNEL_2_start = .
 *(SORT_BY_NAME(SORT_BY_ALIGNMENT(.z_init_PRE_KERNEL_2[0-9]_*)))
 .z_init_PRE_KERNEL_20_
                0x00000000000195a4        0x8 zephyr/drivers/timer/libdrivers__timer.a(nrf_rtc_timer.c.obj)
 *(SORT_BY_NAME(SORT_BY_ALIGNMENT(.z_init_PRE_KERNEL_2[1-9][0-9]_*)))
                0x00000000000195ac                __init_POST_KERNEL_start = .
 *(SORT_BY_NAME(SORT_BY_ALIGNMENT(.z_init_POST_KERNEL[0-9]_*)))
 *(SORT_BY_NAME(SORT_BY_ALIGNMENT(.z_init_POST_KERNEL[1-9][0-9]_*)))
 .z_init_POST_KERNEL40_
                0x00000000000195ac        0x8 modules/nrf/drivers/hw_cc310/lib..__nrf__drivers__hw_cc310.a(hw_cc310.c.obj)
 .z_init_POST_KERNEL50_
                0x00000000000195b4        0x8 zephyr/drivers/flash/libdrivers__flash.a(soc_flash_nrf.c.obj)
 .z_init_POST_KERNEL80_
                0x00000000000195bc        0x8 zephyr/drivers/flash/libdrivers__flash.a(nrf_qspi_nor.c.obj)
                0x00000000000195c4                __init_APPLICATION_start = .
 *(SORT_BY_NAME(SORT_BY_ALIGNMENT(.z_init_APPLICATION[0-9]_*)))
 *(SORT_BY_NAME(SORT_BY_ALIGNMENT(.z_init_APPLICATION[1-9][0-9]_*)))